Archive member included to satisfy reference by file (symbol)

C:/stm32_enviroment/arm-gnu-toolchain-13.3.rel1-mingw-w64-i686-arm-none-eabi/bin/../lib/gcc/arm-none-eabi/13.3.1/thumb/v7e-m/nofp\libgcc.a(_aeabi_uldivmod.o)
                              CMakeFiles/Cyclone_V2.elf.dir/Drivers/STM32F4xx_HAL_Driver/Src/stm32f4xx_hal_rcc.c.obj (__aeabi_uldivmod)
C:/stm32_enviroment/arm-gnu-toolchain-13.3.rel1-mingw-w64-i686-arm-none-eabi/bin/../lib/gcc/arm-none-eabi/13.3.1/thumb/v7e-m/nofp\libgcc.a(_udivmoddi4.o)
                              C:/stm32_enviroment/arm-gnu-toolchain-13.3.rel1-mingw-w64-i686-arm-none-eabi/bin/../lib/gcc/arm-none-eabi/13.3.1/thumb/v7e-m/nofp\libgcc.a(_aeabi_uldivmod.o) (__udivmoddi4)
C:/stm32_enviroment/arm-gnu-toolchain-13.3.rel1-mingw-w64-i686-arm-none-eabi/bin/../lib/gcc/arm-none-eabi/13.3.1/thumb/v7e-m/nofp\libgcc.a(_dvmd_tls.o)
                              C:/stm32_enviroment/arm-gnu-toolchain-13.3.rel1-mingw-w64-i686-arm-none-eabi/bin/../lib/gcc/arm-none-eabi/13.3.1/thumb/v7e-m/nofp\libgcc.a(_aeabi_uldivmod.o) (__aeabi_ldiv0)
C:/stm32_enviroment/arm-gnu-toolchain-13.3.rel1-mingw-w64-i686-arm-none-eabi/bin/../lib/gcc/arm-none-eabi/13.3.1/thumb/v7e-m/nofp\libg.a(libc_a-exit.o)
                              C:/stm32_enviroment/arm-gnu-toolchain-13.3.rel1-mingw-w64-i686-arm-none-eabi/bin/../lib/gcc/arm-none-eabi/13.3.1/thumb/v7e-m/nofp/crt0.o (exit)
C:/stm32_enviroment/arm-gnu-toolchain-13.3.rel1-mingw-w64-i686-arm-none-eabi/bin/../lib/gcc/arm-none-eabi/13.3.1/thumb/v7e-m/nofp\libg.a(libc_a-rand.o)
                              CMakeFiles/Cyclone_V2.elf.dir/Bsp/Src/Bsp_rgb.c.obj (rand)
C:/stm32_enviroment/arm-gnu-toolchain-13.3.rel1-mingw-w64-i686-arm-none-eabi/bin/../lib/gcc/arm-none-eabi/13.3.1/thumb/v7e-m/nofp\libg.a(libc_a-findfp.o)
                              C:/stm32_enviroment/arm-gnu-toolchain-13.3.rel1-mingw-w64-i686-arm-none-eabi/bin/../lib/gcc/arm-none-eabi/13.3.1/thumb/v7e-m/nofp\libg.a(libc_a-exit.o) (__stdio_exit_handler)
C:/stm32_enviroment/arm-gnu-toolchain-13.3.rel1-mingw-w64-i686-arm-none-eabi/bin/../lib/gcc/arm-none-eabi/13.3.1/thumb/v7e-m/nofp\libg.a(libc_a-fwalk.o)
                              C:/stm32_enviroment/arm-gnu-toolchain-13.3.rel1-mingw-w64-i686-arm-none-eabi/bin/../lib/gcc/arm-none-eabi/13.3.1/thumb/v7e-m/nofp\libg.a(libc_a-findfp.o) (_fwalk_sglue)
C:/stm32_enviroment/arm-gnu-toolchain-13.3.rel1-mingw-w64-i686-arm-none-eabi/bin/../lib/gcc/arm-none-eabi/13.3.1/thumb/v7e-m/nofp\libg.a(libc_a-stdio.o)
                              C:/stm32_enviroment/arm-gnu-toolchain-13.3.rel1-mingw-w64-i686-arm-none-eabi/bin/../lib/gcc/arm-none-eabi/13.3.1/thumb/v7e-m/nofp\libg.a(libc_a-findfp.o) (__sread)
C:/stm32_enviroment/arm-gnu-toolchain-13.3.rel1-mingw-w64-i686-arm-none-eabi/bin/../lib/gcc/arm-none-eabi/13.3.1/thumb/v7e-m/nofp\libg.a(libc_a-vsprintf.o)
                              CMakeFiles/Cyclone_V2.elf.dir/Bsp/Src/Bsp_usart.c.obj (vsprintf)
C:/stm32_enviroment/arm-gnu-toolchain-13.3.rel1-mingw-w64-i686-arm-none-eabi/bin/../lib/gcc/arm-none-eabi/13.3.1/thumb/v7e-m/nofp\libg.a(libc_a-memset.o)
                              C:/stm32_enviroment/arm-gnu-toolchain-13.3.rel1-mingw-w64-i686-arm-none-eabi/bin/../lib/gcc/arm-none-eabi/13.3.1/thumb/v7e-m/nofp/crt0.o (memset)
C:/stm32_enviroment/arm-gnu-toolchain-13.3.rel1-mingw-w64-i686-arm-none-eabi/bin/../lib/gcc/arm-none-eabi/13.3.1/thumb/v7e-m/nofp\libg.a(libc_a-closer.o)
                              C:/stm32_enviroment/arm-gnu-toolchain-13.3.rel1-mingw-w64-i686-arm-none-eabi/bin/../lib/gcc/arm-none-eabi/13.3.1/thumb/v7e-m/nofp\libg.a(libc_a-stdio.o) (_close_r)
C:/stm32_enviroment/arm-gnu-toolchain-13.3.rel1-mingw-w64-i686-arm-none-eabi/bin/../lib/gcc/arm-none-eabi/13.3.1/thumb/v7e-m/nofp\libg.a(libc_a-reent.o)
                              C:/stm32_enviroment/arm-gnu-toolchain-13.3.rel1-mingw-w64-i686-arm-none-eabi/bin/../lib/gcc/arm-none-eabi/13.3.1/thumb/v7e-m/nofp\libg.a(libc_a-closer.o) (errno)
C:/stm32_enviroment/arm-gnu-toolchain-13.3.rel1-mingw-w64-i686-arm-none-eabi/bin/../lib/gcc/arm-none-eabi/13.3.1/thumb/v7e-m/nofp\libg.a(libc_a-impure.o)
                              C:/stm32_enviroment/arm-gnu-toolchain-13.3.rel1-mingw-w64-i686-arm-none-eabi/bin/../lib/gcc/arm-none-eabi/13.3.1/thumb/v7e-m/nofp\libg.a(libc_a-rand.o) (_impure_ptr)
C:/stm32_enviroment/arm-gnu-toolchain-13.3.rel1-mingw-w64-i686-arm-none-eabi/bin/../lib/gcc/arm-none-eabi/13.3.1/thumb/v7e-m/nofp\libg.a(libc_a-lseekr.o)
                              C:/stm32_enviroment/arm-gnu-toolchain-13.3.rel1-mingw-w64-i686-arm-none-eabi/bin/../lib/gcc/arm-none-eabi/13.3.1/thumb/v7e-m/nofp\libg.a(libc_a-stdio.o) (_lseek_r)
C:/stm32_enviroment/arm-gnu-toolchain-13.3.rel1-mingw-w64-i686-arm-none-eabi/bin/../lib/gcc/arm-none-eabi/13.3.1/thumb/v7e-m/nofp\libg.a(libc_a-readr.o)
[...]
Memory Configuration

Name             Origin             Length             Attributes
RAM              0x20000000         0x00020000         xrw
FLASH            0x08000000         0x00080000         xr
*default*        0x00000000         0xffffffff

Linker script and memory map

LOAD C:/stm32_enviroment/arm-gnu-toolchain-13.3.rel1-mingw-w64-i686-arm-none-eabi/bin/../lib/gcc/arm-none-eabi/13.3.1/thumb/v7e-m/nofp/crti.o
LOAD C:/stm32_enviroment/arm-gnu-toolchain-13.3.rel1-mingw-w64-i686-arm-none-eabi/bin/../lib/gcc/arm-none-eabi/13.3.1/thumb/v7e-m/nofp/crtbegin.o
LOAD C:/stm32_enviroment/arm-gnu-toolchain-13.3.rel1-mingw-w64-i686-arm-none-eabi/bin/../lib/gcc/arm-none-eabi/13.3.1/thumb/v7e-m/nofp/crt0.o
LOAD CMakeFiles/Cyclone_V2.elf.dir/Bsp/Src/Bsp_drv8302.c.obj
LOAD CMakeFiles/Cyclone_V2.elf.dir/Bsp/Src/Bsp_pwm.c.obj
LOAD CMakeFiles/Cyclone_V2.elf.dir/Bsp/Src/Bsp_rgb.c.obj
LOAD CMakeFiles/Cyclone_V2.elf.dir/Bsp/Src/Bsp_usart.c.obj
LOAD CMakeFiles/Cyclone_V2.elf.dir/Core/Src/dma.c.obj
LOAD CMakeFiles/Cyclone_V2.elf.dir/Core/Src/gpio.c.obj
LOAD CMakeFiles/Cyclone_V2.elf.dir/Core/Src/main.c.obj
LOAD CMakeFiles/Cyclone_V2.elf.dir/Core/Src/stm32f4xx_hal_msp.c.obj
LOAD CMakeFiles/Cyclone_V2.elf.dir/Core/Src/stm32f4xx_it.c.obj
LOAD CMakeFiles/Cyclone_V2.elf.dir/Core/Src/syscalls.c.obj
LOAD CMakeFiles/Cyclone_V2.elf.dir/Core/Src/sysmem.c.obj
LOAD CMakeFiles/Cyclone_V2.elf.dir/Core/Src/system_stm32f4xx.c.obj
LOAD CMakeFiles/Cyclone_V2.elf.dir/Core/Src/tim.c.obj
LOAD CMakeFiles/Cyclone_V2.elf.dir/Core/Src/usart.c.obj
LOAD CMakeFiles/Cyclone_V2.elf.dir/Core/Startup/startup_stm32f411ceux.s.obj
LOAD CMakeFiles/Cyclone_V2.elf.dir/Drivers/STM32F4xx_HAL_Driver/Src/stm32f4xx_hal.c.obj
LOAD CMakeFiles/Cyclone_V2.elf.dir/Drivers/STM32F4xx_HAL_Driver/Src/stm32f4xx_hal_cortex.c.obj
LOAD CMakeFiles/Cyclone_V2.elf.dir/Drivers/STM32F4xx_HAL_Driver/Src/stm32f4xx_hal_dma.c.obj
LOAD CMakeFiles/Cyclone_V2.elf.dir/Drivers/STM32F4xx_HAL_Driver/Src/stm32f4xx_hal_dma_ex.c.obj
LOAD CMakeFiles/Cyclone_V2.elf.dir/Drivers/STM32F4xx_HAL_Driver/Src/stm32f4xx_hal_exti.c.obj
LOAD CMakeFiles/Cyclone_V2.elf.dir/Drivers/STM32F4xx_HAL_Driver/Src/stm32f4xx_hal_flash.c.obj
LOAD CMakeFiles/Cyclone_V2.elf.dir/Drivers/STM32F4xx_HAL_Driver/Src/stm32f4xx_hal_flash_ex.c.obj
LOAD CMakeFiles/Cyclone_V2.elf.dir/Drivers/STM32F4xx_HAL_Driver/Src/stm32f4xx_hal_flash_ramfunc.c.obj
LOAD CMakeFiles/Cyclone_V2.elf.dir/Drivers/STM32F4xx_HAL_Driver/Src/stm32f4xx_hal_gpio.c.obj
LOAD CMakeFiles/Cyclone_V2.elf.dir/Drivers/STM32F4xx_HAL_Driver/Src/stm32f4xx_hal_pwr.c.obj
LOAD CMakeFiles/Cyclone_V2.elf.dir/Drivers/STM32F4xx_HAL_Driver/Src/stm32f4xx_hal_pwr_ex.c.obj
LOAD CMakeFiles/Cyclone_V2.elf.dir/Drivers/STM32F4xx_HAL_Driver/Src/stm32f4xx_hal_rcc.c.obj
LOAD CMakeFiles/Cyclone_V2.elf.dir/Drivers/STM32F4xx_HAL_Driver/Src/stm32f4xx_hal_rcc_ex.c.obj
LOAD CMakeFiles/Cyclone_V2.elf.dir/Drivers/STM32F4xx_HAL_Driver/Src/stm32f4xx_hal_tim.c.obj
LOAD CMakeFiles/Cyclone_V2.elf.dir/Drivers/STM32F4xx_HAL_Driver/Src/stm32f4xx_hal_tim_ex.c.obj
LOAD CMakeFiles/Cyclone_V2.elf.dir/Drivers/STM32F4xx_HAL_Driver/Src/stm32f4xx_hal_uart.c.obj
START GROUP
LOAD C:/stm32_enviroment/arm-gnu-toolchain-13.3.rel1-mingw-w64-i686-arm-none-eabi/bin/../lib/gcc/arm-none-eabi/13.3.1/thumb/v7e-m/nofp\libgcc.a
LOAD C:/stm32_enviroment/arm-gnu-toolchain-13.3.rel1-mingw-w64-i686-arm-none-eabi/bin/../lib/gcc/arm-none-eabi/13.3.1/thumb/v7e-m/nofp\libg.a
LOAD C:/stm32_enviroment/arm-gnu-toolchain-13.3.rel1-mingw-w64-i686-arm-none-eabi/bin/../lib/gcc/arm-none-eabi/13.3.1/thumb/v7e-m/nofp\libc.a
END GROUP
LOAD C:/stm32_enviroment/arm-gnu-toolchain-13.3.rel1-mingw-w64-i686-arm-none-eabi/bin/../lib/gcc/arm-none-eabi/13.3.1/thumb/v7e-m/nofp/crtend.o
LOAD C:/stm32_enviroment/arm-gnu-toolchain-13.3.rel1-mingw-w64-i686-arm-none-eabi/bin/../lib/gcc/arm-none-eabi/13.3.1/thumb/v7e-m/nofp/crtn.o
                0x20020000                        _estack = (ORIGIN (RAM) + LENGTH (RAM))
                0x00000200                        _Min_Heap_Size = 0x200
                0x00000400                        _Min_Stack_Size = 0x400

.isr_vector     0x08000000      0x198
                0x08000000                        . = ALIGN (0x4)
 *(.isr_vector)
 .isr_vector    0x08000000      0x198 CMakeFiles/Cyclone_V2.elf.dir/Core/Startup/startup_stm32f411ceux.s.obj
                0x08000000                g_pfnVectors
                0x08000198                        . = ALIGN (0x4)

.text           0x08000198     0x278c
                0x08000198                        . = ALIGN (0x4)
 *(.text)
 .text          0x08000198       0x30 C:/stm32_enviroment/arm-gnu-toolchain-13.3.rel1-mingw-w64-i686-arm-none-eabi/bin/../lib/gcc/arm-none-eabi/13.3.1/thumb/v7e-m/nofp\libgcc.a(_aeabi_uldivmod.o)
                0x08000198                __aeabi_uldivmod
 .text          0x080001c8        0x4 C:/stm32_enviroment/arm-gnu-toolchain-13.3.rel1-mingw-w64-i686-arm-none-eabi/bin/../lib/gcc/arm-none-eabi/13.3.1/thumb/v7e-m/nofp\libgcc.a(_dvmd_tls.o)
                0x080001c8                __aeabi_idiv0
                0x080001c8                __aeabi_ldiv0
 *(.text*)
 .text.deregister_tm_clones
                0x080001cc       0x1c C:/stm32_enviroment/arm-gnu-toolchain-13.3.rel1-mingw-w64-i686-arm-none-eabi/bin/../lib/gcc/arm-none-eabi/13.3.1/thumb/v7e-m/nofp/crtbegin.o
 .text.register_tm_clones
                0x080001e8       0x24 C:/stm32_enviroment/arm-gnu-toolchain-13.3.rel1-mingw-w64-i686-arm-none-eabi/bin/../lib/gcc/arm-none-eabi/13.3.1/thumb/v7e-m/nofp/crtbegin.o
 .text.__do_global_dtors_aux
                0x0800020c       0x28 C:/stm32_enviroment/arm-gnu-toolchain-13.3.rel1-mingw-w64-i686-arm-none-eabi/bin/../lib/gcc/arm-none-eabi/13.3.1/thumb/v7e-m/nofp/crtbegin.o
 .text.frame_dummy
                0x08000234       0x24 C:/stm32_enviroment/arm-gnu-toolchain-13.3.rel1-mingw-w64-i686-arm-none-eabi/bin/../lib/gcc/arm-none-eabi/13.3.1/thumb/v7e-m/nofp/crtbegin.o
 .text.Bsp_Drv8302_Init
                0x08000258       0x14 CMakeFiles/Cyclone_V2.elf.dir/Bsp/Src/Bsp_drv8302.c.obj
                0x08000258                Bsp_Drv8302_Init
 .text.RGB_SetOne_Color
                0x0800026c       0xc8 CMakeFiles/Cyclone_V2.elf.dir/Bsp/Src/Bsp_rgb.c.obj
                0x0800026c                RGB_SetOne_Color
 .text.HAL_UART_RxCpltCallback
                0x08000334       0x44 CMakeFiles/Cyclone_V2.elf.dir/Bsp/Src/Bsp_usart.c.obj
                0x08000334                HAL_UART_RxCpltCallback
 .text.MX_DMA_Init
                0x08000378       0x34 CMakeFiles/Cyclone_V2.elf.dir/Core/Src/dma.c.obj
                0x08000378                MX_DMA_Init
 .text.MX_GPIO_Init
                0x080003ac       0x80 CMakeFiles/Cyclone_V2.elf.dir/Core/Src/gpio.c.obj
                0x080003ac                MX_GPIO_Init
 .text.Error_Handler
                0x0800042c        0x4 CMakeFiles/Cyclone_V2.elf.dir/Core/Src/main.c.obj
                0x0800042c                Error_Handler
 .text.SystemClock_Config
                0x08000430       0xa0 CMakeFiles/Cyclone_V2.elf.dir/Core/Src/main.c.obj
                0x08000430                SystemClock_Config
 .text.main     0x080004d0       0x40 CMakeFiles/Cyclone_V2.elf.dir/Core/Src/main.c.obj
                0x080004d0                main
 .text.HAL_MspInit
                0x08000510       0x38 CMakeFiles/Cyclone_V2.elf.dir/Core/Src/stm32f4xx_hal_msp.c.obj
                0x08000510                HAL_MspInit
 .text.NMI_Handler
                0x08000548        0x2 CMakeFiles/Cyclone_V2.elf.dir/Core/Src/stm32f4xx_it.c.obj
                0x08000548                NMI_Handler
 .text.HardFault_Handler
                0x0800054a        0x2 CMakeFiles/Cyclone_V2.elf.dir/Core/Src/stm32f4xx_it.c.obj
                0x0800054a                HardFault_Handler
 .text.MemManage_Handler
                0x0800054c        0x2 CMakeFiles/Cyclone_V2.elf.dir/Core/Src/stm32f4xx_it.c.obj
                0x0800054c                MemManage_Handler
 .text.BusFault_Handler
                0x0800054e        0x2 CMakeFiles/Cyclone_V2.elf.dir/Core/Src/stm32f4xx_it.c.obj
                0x0800054e                BusFault_Handler
 .text.UsageFault_Handler
                0x08000550        0x2 CMakeFiles/Cyclone_V2.elf.dir/Core/Src/stm32f4xx_it.c.obj
                0x08000550                UsageFault_Handler
 .text.SVC_Handler
                0x08000552        0x2 CMakeFiles/Cyclone_V2.elf.dir/Core/Src/stm32f4xx_it.c.obj
                0x08000552                SVC_Handler
 .text.DebugMon_Handler
                0x08000554        0x2 CMakeFiles/Cyclone_V2.elf.dir/Core/Src/stm32f4xx_it.c.obj
                0x08000554                DebugMon_Handler
 .text.PendSV_Handler
                0x08000556        0x2 CMakeFiles/Cyclone_V2.elf.dir/Core/Src/stm32f4xx_it.c.obj
                0x08000556                PendSV_Handler
 .text.SysTick_Handler
                0x08000558        0x8 CMakeFiles/Cyclone_V2.elf.dir/Core/Src/stm32f4xx_it.c.obj
                0x08000558                SysTick_Handler
 .text.DMA1_Stream5_IRQHandler
                0x08000560       0x10 CMakeFiles/Cyclone_V2.elf.dir/Core/Src/stm32f4xx_it.c.obj
                0x08000560                DMA1_Stream5_IRQHandler
 .text.USART1_IRQHandler
                0x08000570       0x10 CMakeFiles/Cyclone_V2.elf.dir/Core/Src/stm32f4xx_it.c.obj
                0x08000570                USART1_IRQHandler
 .text.SystemInit
                0x08000580        0x2 CMakeFiles/Cyclone_V2.elf.dir/Core/Src/system_stm32f4xx.c.obj
                0x08000580                SystemInit
 *fill*         0x08000582        0x2 
 .text.HAL_TIM_Base_MspInit
                0x08000584       0xa4 CMakeFiles/Cyclone_V2.elf.dir/Core/Src/tim.c.obj
                0x08000584                HAL_TIM_Base_MspInit
 .text.HAL_TIM_MspPostInit
                0x08000628       0xbc CMakeFiles/Cyclone_V2.elf.dir/Core/Src/tim.c.obj
                0x08000628                HAL_TIM_MspPostInit
 .text.MX_TIM1_Init
                0x080006e4      0x124 CMakeFiles/Cyclone_V2.elf.dir/Core/Src/tim.c.obj
                0x080006e4                MX_TIM1_Init
 .text.MX_TIM3_Init
                0x08000808       0xac CMakeFiles/Cyclone_V2.elf.dir/Core/Src/tim.c.obj
                0x08000808                MX_TIM3_Init
 .text.MX_USART1_UART_Init
                0x080008b4       0x34 CMakeFiles/Cyclone_V2.elf.dir/Core/Src/usart.c.obj
                0x080008b4                MX_USART1_UART_Init
 .text.HAL_UART_MspInit
                0x080008e8       0x80 CMakeFiles/Cyclone_V2.elf.dir/Core/Src/usart.c.obj
                0x080008e8                HAL_UART_MspInit
 .text.Reset_Handler
                0x08000968       0x50 CMakeFiles/Cyclone_V2.elf.dir/Core/Startup/startup_stm32f411ceux.s.obj
                0x08000968                Reset_Handler
 .text.Default_Handler
                0x080009b8        0x2 CMakeFiles/Cyclone_V2.elf.dir/Core/Startup/startup_stm32f411ceux.s.obj
                0x080009b8                RTC_Alarm_IRQHandler
                0x080009b8                EXTI2_IRQHandler
                0x080009b8                SPI4_IRQHandler
                0x080009b8                TIM1_CC_IRQHandler
                0x080009b8                DMA2_Stream5_IRQHandler
                0x080009b8                PVD_IRQHandler
                0x080009b8                SDIO_IRQHandler
                0x080009b8                TAMP_STAMP_IRQHandler
                0x080009b8                EXTI3_IRQHandler
                0x080009b8                TIM1_UP_TIM10_IRQHandler
                0x080009b8                I2C3_ER_IRQHandler
                0x080009b8                EXTI0_IRQHandler
                0x080009b8                I2C2_EV_IRQHandler
                0x080009b8                DMA1_Stream2_IRQHandler
                0x080009b8                FPU_IRQHandler
                0x080009b8                DMA2_Stream2_IRQHandler
                0x080009b8                SPI1_IRQHandler
                0x080009b8                TIM1_BRK_TIM9_IRQHandler
                0x080009b8                DMA2_Stream3_IRQHandler
                0x080009b8                USART6_IRQHandler
                0x080009b8                DMA2_Stream0_IRQHandler
                0x080009b8                TIM4_IRQHandler
                0x080009b8                I2C1_EV_IRQHandler
                0x080009b8                DMA1_Stream6_IRQHandler
                0x080009b8                DMA1_Stream1_IRQHandler
                0x080009b8                TIM3_IRQHandler
                0x080009b8                RCC_IRQHandler
                0x080009b8                Default_Handler
                0x080009b8                EXTI15_10_IRQHandler
                0x080009b8                ADC_IRQHandler
                0x080009b8                DMA1_Stream7_IRQHandler
                0x080009b8                SPI5_IRQHandler
                0x080009b8                TIM5_IRQHandler
                0x080009b8                DMA2_Stream7_IRQHandler
                0x080009b8                I2C3_EV_IRQHandler
                0x080009b8                EXTI9_5_IRQHandler
                0x080009b8                RTC_WKUP_IRQHandler
                0x080009b8                SPI2_IRQHandler
                0x080009b8                DMA1_Stream0_IRQHandler
                0x080009b8                EXTI4_IRQHandler
                0x080009b8                WWDG_IRQHandler
                0x080009b8                TIM2_IRQHandler
                0x080009b8                OTG_FS_WKUP_IRQHandler
                0x080009b8                TIM1_TRG_COM_TIM11_IRQHandler
                0x080009b8                EXTI1_IRQHandler
                0x080009b8                USART2_IRQHandler
                0x080009b8                I2C2_ER_IRQHandler
                0x080009b8                DMA2_Stream1_IRQHandler
                0x080009b8                FLASH_IRQHandler
                0x080009b8                DMA2_Stream4_IRQHandler
                0x080009b8                OTG_FS_IRQHandler
                0x080009b8                SPI3_IRQHandler
                0x080009b8                DMA1_Stream4_IRQHandler
                0x080009b8                I2C1_ER_IRQHandler
                0x080009b8                DMA2_Stream6_IRQHandler
                0x080009b8                DMA1_Stream3_IRQHandler
 *fill*         0x080009ba        0x2 
 .text.HAL_InitTick
                0x080009bc       0x4c CMakeFiles/Cyclone_V2.elf.dir/Drivers/STM32F4xx_HAL_Driver/Src/stm32f4xx_hal.c.obj
                0x080009bc                HAL_InitTick
 .text.HAL_Init
                0x08000a08       0x34 CMakeFiles/Cyclone_V2.elf.dir/Drivers/STM32F4xx_HAL_Driver/Src/stm32f4xx_hal.c.obj
                0x08000a08                HAL_Init
 .text.HAL_IncTick
                0x08000a3c       0x18 CMakeFiles/Cyclone_V2.elf.dir/Drivers/STM32F4xx_HAL_Driver/Src/stm32f4xx_hal.c.obj
                0x08000a3c                HAL_IncTick
 .text.HAL_GetTick
                0x08000a54        0xc CMakeFiles/Cyclone_V2.elf.dir/Drivers/STM32F4xx_HAL_Driver/Src/stm32f4xx_hal.c.obj
                0x08000a54                HAL_GetTick
 .text.__NVIC_EnableIRQ
                0x08000a60       0x1c CMakeFiles/Cyclone_V2.elf.dir/Drivers/STM32F4xx_HAL_Driver/Src/stm32f4xx_hal_cortex.c.obj
 .text.__NVIC_SetPriority
                0x08000a7c       0x28 CMakeFiles/Cyclone_V2.elf.dir/Drivers/STM32F4xx_HAL_Driver/Src/stm32f4xx_hal_cortex.c.obj
 .text.NVIC_EncodePriority
                0x08000aa4       0x3e CMakeFiles/Cyclone_V2.elf.dir/Drivers/STM32F4xx_HAL_Driver/Src/stm32f4xx_hal_cortex.c.obj
 *fill*         0x08000ae2        0x2 
 .text.HAL_NVIC_SetPriorityGrouping
                0x08000ae4       0x24 CMakeFiles/Cyclone_V2.elf.dir/Drivers/STM32F4xx_HAL_Driver/Src/stm32f4xx_hal_cortex.c.obj
                0x08000ae4                HAL_NVIC_SetPriorityGrouping
 .text.HAL_NVIC_SetPriority
                0x08000b08       0x20 CMakeFiles/Cyclone_V2.elf.dir/Drivers/STM32F4xx_HAL_Driver/Src/stm32f4xx_hal_cortex.c.obj
                0x08000b08                HAL_NVIC_SetPriority
 .text.HAL_NVIC_EnableIRQ
                0x08000b28        0x8 CMakeFiles/Cyclone_V2.elf.dir/Drivers/STM32F4xx_HAL_Driver/Src/stm32f4xx_hal_cortex.c.obj
                0x08000b28                HAL_NVIC_EnableIRQ
 .text.HAL_SYSTICK_Config
                0x08000b30       0x28 CMakeFiles/Cyclone_V2.elf.dir/Drivers/STM32F4xx_HAL_Driver/Src/stm32f4xx_hal_cortex.c.obj
                0x08000b30                HAL_SYSTICK_Config
 .text.DMA_CalcBaseAndBitshift
                0x08000b58       0x38 CMakeFiles/Cyclone_V2.elf.dir/Drivers/STM32F4xx_HAL_Driver/Src/stm32f4xx_hal_dma.c.obj
 .text.DMA_CheckFifoParam
                0x08000b90       0x8e CMakeFiles/Cyclone_V2.elf.dir/Drivers/STM32F4xx_HAL_Driver/Src/stm32f4xx_hal_dma.c.obj
 *fill*         0x08000c1e        0x2 
 .text.HAL_DMA_Init
                0x08000c20       0xcc CMakeFiles/Cyclone_V2.elf.dir/Drivers/STM32F4xx_HAL_Driver/Src/stm32f4xx_hal_dma.c.obj
                0x08000c20                HAL_DMA_Init
 .text.HAL_DMA_Abort
                0x08000cec       0x94 CMakeFiles/Cyclone_V2.elf.dir/Drivers/STM32F4xx_HAL_Driver/Src/stm32f4xx_hal_dma.c.obj
                0x08000cec                HAL_DMA_Abort
 .text.HAL_DMA_Abort_IT
                0x08000d80       0x26 CMakeFiles/Cyclone_V2.elf.dir/Drivers/STM32F4xx_HAL_Driver/Src/stm32f4xx_hal_dma.c.obj
                0x08000d80                HAL_DMA_Abort_IT
 *fill*         0x08000da6        0x2 
 .text.HAL_DMA_IRQHandler
                0x08000da8      0x1dc CMakeFiles/Cyclone_V2.elf.dir/Drivers/STM32F4xx_HAL_Driver/Src/stm32f4xx_hal_dma.c.obj
                0x08000da8                HAL_DMA_IRQHandler
 .text.HAL_GPIO_Init
                0x08000f84      0x1d0 CMakeFiles/Cyclone_V2.elf.dir/Drivers/STM32F4xx_HAL_Driver/Src/stm32f4xx_hal_gpio.c.obj
                0x08000f84                HAL_GPIO_Init
 .text.HAL_GPIO_WritePin
                0x08001154        0xc CMakeFiles/Cyclone_V2.elf.dir/Drivers/STM32F4xx_HAL_Driver/Src/stm32f4xx_hal_gpio.c.obj
                0x08001154                HAL_GPIO_WritePin
 .text.HAL_RCC_OscConfig
                0x08001160      0x3f8 CMakeFiles/Cyclone_V2.elf.dir/Drivers/STM32F4xx_HAL_Driver/Src/stm32f4xx_hal_rcc.c.obj
                0x08001160                HAL_RCC_OscConfig
 .text.HAL_RCC_GetSysClockFreq
                0x08001558       0xdc CMakeFiles/Cyclone_V2.elf.dir/Drivers/STM32F4xx_HAL_Driver/Src/stm32f4xx_hal_rcc.c.obj
                0x08001558                HAL_RCC_GetSysClockFreq
 .text.HAL_RCC_ClockConfig
                0x08001634      0x160 CMakeFiles/Cyclone_V2.elf.dir/Drivers/STM32F4xx_HAL_Driver/Src/stm32f4xx_hal_rcc.c.obj
                0x08001634                HAL_RCC_ClockConfig
 .text.HAL_RCC_GetHCLKFreq
                0x08001794        0xc CMakeFiles/Cyclone_V2.elf.dir/Drivers/STM32F4xx_HAL_Driver/Src/stm32f4xx_hal_rcc.c.obj
                0x08001794                HAL_RCC_GetHCLKFreq
 .text.HAL_RCC_GetPCLK1Freq
                0x080017a0       0x20 CMakeFiles/Cyclone_V2.elf.dir/Drivers/STM32F4xx_HAL_Driver/Src/stm32f4xx_hal_rcc.c.obj
                0x080017a0                HAL_RCC_GetPCLK1Freq
 .text.HAL_RCC_GetPCLK2Freq
                0x080017c0       0x20 CMakeFiles/Cyclone_V2.elf.dir/Drivers/STM32F4xx_HAL_Driver/Src/stm32f4xx_hal_rcc.c.obj
                0x080017c0                HAL_RCC_GetPCLK2Freq
 .text.TIM_OC1_SetConfig
                0x080017e0       0x54 CMakeFiles/Cyclone_V2.elf.dir/Drivers/STM32F4xx_HAL_Driver/Src/stm32f4xx_hal_tim.c.obj
 .text.TIM_OC3_SetConfig
                0x08001834       0x5c CMakeFiles/Cyclone_V2.elf.dir/Drivers/STM32F4xx_HAL_Driver/Src/stm32f4xx_hal_tim.c.obj
 .text.TIM_OC4_SetConfig
                0x08001890       0x48 CMakeFiles/Cyclone_V2.elf.dir/Drivers/STM32F4xx_HAL_Driver/Src/stm32f4xx_hal_tim.c.obj
 .text.TIM_TI1_ConfigInputStage
                0x080018d8       0x24 CMakeFiles/Cyclone_V2.elf.dir/Drivers/STM32F4xx_HAL_Driver/Src/stm32f4xx_hal_tim.c.obj
 .text.TIM_TI2_ConfigInputStage
                0x080018fc       0x26 CMakeFiles/Cyclone_V2.elf.dir/Drivers/STM32F4xx_HAL_Driver/Src/stm32f4xx_hal_tim.c.obj
 .text.TIM_ITRx_SetConfig
                0x08001922       0x10 CMakeFiles/Cyclone_V2.elf.dir/Drivers/STM32F4xx_HAL_Driver/Src/stm32f4xx_hal_tim.c.obj
 .text.HAL_TIM_OC_MspInit
                0x08001932        0x2 CMakeFiles/Cyclone_V2.elf.dir/Drivers/STM32F4xx_HAL_Driver/Src/stm32f4xx_hal_tim.c.obj
                0x08001932                HAL_TIM_OC_MspInit
 .text.HAL_TIM_PWM_MspInit
                0x08001934        0x2 CMakeFiles/Cyclone_V2.elf.dir/Drivers/STM32F4xx_HAL_Driver/Src/stm32f4xx_hal_tim.c.obj
                0x08001934                HAL_TIM_PWM_MspInit
 *fill*         0x08001936        0x2 
 .text.TIM_Base_SetConfig
                0x08001938       0xac CMakeFiles/Cyclone_V2.elf.dir/Drivers/STM32F4xx_HAL_Driver/Src/stm32f4xx_hal_tim.c.obj
                0x08001938                TIM_Base_SetConfig
 .text.HAL_TIM_Base_Init
                0x080019e4       0x58 CMakeFiles/Cyclone_V2.elf.dir/Drivers/STM32F4xx_HAL_Driver/Src/stm32f4xx_hal_tim.c.obj
                0x080019e4                HAL_TIM_Base_Init
 .text.HAL_TIM_OC_Init
                0x08001a3c       0x58 CMakeFiles/Cyclone_V2.elf.dir/Drivers/STM32F4xx_HAL_Driver/Src/stm32f4xx_hal_tim.c.obj
                0x08001a3c                HAL_TIM_OC_Init
 .text.HAL_TIM_PWM_Init
                0x08001a94       0x58 CMakeFiles/Cyclone_V2.elf.dir/Drivers/STM32F4xx_HAL_Driver/Src/stm32f4xx_hal_tim.c.obj
                0x08001a94                HAL_TIM_PWM_Init
 .text.TIM_OC2_SetConfig
                0x08001aec       0x5c CMakeFiles/Cyclone_V2.elf.dir/Drivers/STM32F4xx_HAL_Driver/Src/stm32f4xx_hal_tim.c.obj
                0x08001aec                TIM_OC2_SetConfig
 .text.HAL_TIM_OC_ConfigChannel
                0x08001b48       0x5e CMakeFiles/Cyclone_V2.elf.dir/Drivers/STM32F4xx_HAL_Driver/Src/stm32f4xx_hal_tim.c.obj
                0x08001b48                HAL_TIM_OC_ConfigChannel
 .text.HAL_TIM_PWM_ConfigChannel
                0x08001ba6       0xdc CMakeFiles/Cyclone_V2.elf.dir/Drivers/STM32F4xx_HAL_Driver/Src/stm32f4xx_hal_tim.c.obj
                0x08001ba6                HAL_TIM_PWM_ConfigChannel
 .text.TIM_ETR_SetConfig
                0x08001c82       0x18 CMakeFiles/Cyclone_V2.elf.dir/Drivers/STM32F4xx_HAL_Driver/Src/stm32f4xx_hal_tim.c.obj
                0x08001c82                TIM_ETR_SetConfig
 .text.HAL_TIM_ConfigClockSource
                0x08001c9a       0xfe CMakeFiles/Cyclone_V2.elf.dir/Drivers/STM32F4xx_HAL_Driver/Src/stm32f4xx_hal_tim.c.obj
                0x08001c9a                HAL_TIM_ConfigClockSource
 .text.HAL_TIMEx_MasterConfigSynchronization
                0x08001d98       0x7c CMakeFiles/Cyclone_V2.elf.dir/Drivers/STM32F4xx_HAL_Driver/Src/stm32f4xx_hal_tim_ex.c.obj
                0x08001d98                HAL_TIMEx_MasterConfigSynchronization
 .text.HAL_TIMEx_ConfigBreakDeadTime
                0x08001e14       0x52 CMakeFiles/Cyclone_V2.elf.dir/Drivers/STM32F4xx_HAL_Driver/Src/stm32f4xx_hal_tim_ex.c.obj
                0x08001e14                HAL_TIMEx_ConfigBreakDeadTime
 .text.UART_EndRxTransfer
                0x08001e66       0x5c CMakeFiles/Cyclone_V2.elf.dir/Drivers/STM32F4xx_HAL_Driver/Src/stm32f4xx_hal_uart.c.obj
 .text.UART_Transmit_IT
                0x08001ec2       0x60 CMakeFiles/Cyclone_V2.elf.dir/Drivers/STM32F4xx_HAL_Driver/Src/stm32f4xx_hal_uart.c.obj
 *fill*         0x08001f22        0x2 
 .text.UART_SetConfig
                0x08001f24      0x110 CMakeFiles/Cyclone_V2.elf.dir/Drivers/STM32F4xx_HAL_Driver/Src/stm32f4xx_hal_uart.c.obj
 .text.HAL_UART_Init
                0x08002034       0x60 CMakeFiles/Cyclone_V2.elf.dir/Drivers/STM32F4xx_HAL_Driver/Src/stm32f4xx_hal_uart.c.obj
                0x08002034                HAL_UART_Init
 .text.HAL_UART_TxCpltCallback
                0x08002094        0x2 CMakeFiles/Cyclone_V2.elf.dir/Drivers/STM32F4xx_HAL_Driver/Src/stm32f4xx_hal_uart.c.obj
                0x08002094                HAL_UART_TxCpltCallback
 .text.UART_EndTransmit_IT
                0x08002096       0x1a CMakeFiles/Cyclone_V2.elf.dir/Drivers/STM32F4xx_HAL_Driver/Src/stm32f4xx_hal_uart.c.obj
 .text.HAL_UART_ErrorCallback
                0x080020b0        0x2 CMakeFiles/Cyclone_V2.elf.dir/Drivers/STM32F4xx_HAL_Driver/Src/stm32f4xx_hal_uart.c.obj
                0x080020b0                HAL_UART_ErrorCallback
 .text.UART_DMAAbortOnError
                0x080020b2       0x10 CMakeFiles/Cyclone_V2.elf.dir/Drivers/STM32F4xx_HAL_Driver/Src/stm32f4xx_hal_uart.c.obj
 .text.HAL_UARTEx_RxEventCallback
                0x080020c2        0x2 CMakeFiles/Cyclone_V2.elf.dir/Drivers/STM32F4xx_HAL_Driver/Src/stm32f4xx_hal_uart.c.obj
                0x080020c2                HAL_UARTEx_RxEventCallback
 .text.UART_Receive_IT
                0x080020c4       0xe6 CMakeFiles/Cyclone_V2.elf.dir/Drivers/STM32F4xx_HAL_Driver/Src/stm32f4xx_hal_uart.c.obj
 *fill*         0x080021aa        0x2 
 .text.HAL_UART_IRQHandler
                0x080021ac      0x284 CMakeFiles/Cyclone_V2.elf.dir/Drivers/STM32F4xx_HAL_Driver/Src/stm32f4xx_hal_uart.c.obj
                0x080021ac                HAL_UART_IRQHandler
 .text.UART_Start_Receive_IT
                0x08002430       0x36 CMakeFiles/Cyclone_V2.elf.dir/Drivers/STM32F4xx_HAL_Driver/Src/stm32f4xx_hal_uart.c.obj
                0x08002430                UART_Start_Receive_IT
 .text.HAL_UART_Receive_IT
                0x08002466       0x26 CMakeFiles/Cyclone_V2.elf.dir/Drivers/STM32F4xx_HAL_Driver/Src/stm32f4xx_hal_uart.c.obj
                0x08002466                HAL_UART_Receive_IT
 .text.__udivmoddi4
                0x0800248c      0x2bc C:/stm32_enviroment/arm-gnu-toolchain-13.3.rel1-mingw-w64-i686-arm-none-eabi/bin/../lib/gcc/arm-none-eabi/13.3.1/thumb/v7e-m/nofp\libgcc.a(_udivmoddi4.o)
                0x0800248c                __udivmoddi4
 .text.memset   0x08002748       0xa4 C:/stm32_enviroment/arm-gnu-toolchain-13.3.rel1-mingw-w64-i686-arm-none-eabi/bin/../lib/gcc/arm-none-eabi/13.3.1/thumb/v7e-m/nofp\libg.a(libc_a-memset.o)
                0x08002748                memset
 .text.__libc_init_array
                0x080027ec       0x50 C:/stm32_enviroment/arm-gnu-toolchain-13.3.rel1-mingw-w64-i686-arm-none-eabi/bin/../lib/gcc/arm-none-eabi/13.3.1/thumb/v7e-m/nofp\libg.a(libc_a-init.o)
                0x080027ec                __libc_init_array
 .text.__retarget_lock_acquire_recursive
                0x0800283c        0x4 C:/stm32_enviroment/arm-gnu-toolchain-13.3.rel1-mingw-w64-i686-arm-none-eabi/bin/../lib/gcc/arm-none-eabi/13.3.1/thumb/v7e-m/nofp\libg.a(libc_a-lock.o)
                0x0800283c                __retarget_lock_acquire_recursive
 .text.__retarget_lock_release_recursive
                0x08002840        0x4 C:/stm32_enviroment/arm-gnu-toolchain-13.3.rel1-mingw-w64-i686-arm-none-eabi/bin/../lib/gcc/arm-none-eabi/13.3.1/thumb/v7e-m/nofp\libg.a(libc_a-lock.o)
                0x08002840                __retarget_lock_release_recursive
 .text.startup.register_fini
                0x08002844       0x14 C:/stm32_enviroment/arm-gnu-toolchain-13.3.rel1-mingw-w64-i686-arm-none-eabi/bin/../lib/gcc/arm-none-eabi/13.3.1/thumb/v7e-m/nofp\libg.a(libc_a-__call_atexit.o)
 .text.atexit   0x08002858        0xc C:/stm32_enviroment/arm-gnu-toolchain-13.3.rel1-mingw-w64-i686-arm-none-eabi/bin/../lib/gcc/arm-none-eabi/13.3.1/thumb/v7e-m/nofp\libg.a(libc_a-atexit.o)
                0x08002858                atexit
 .text.__libc_fini_array
                0x08002864       0x28 C:/stm32_enviroment/arm-gnu-toolchain-13.3.rel1-mingw-w64-i686-arm-none-eabi/bin/../lib/gcc/arm-none-eabi/13.3.1/thumb/v7e-m/nofp\libg.a(libc_a-fini.o)
                0x08002864                __libc_fini_array
 .text.__register_exitproc
                0x0800288c       0x80 C:/stm32_enviroment/arm-gnu-toolchain-13.3.rel1-mingw-w64-i686-arm-none-eabi/bin/../lib/gcc/arm-none-eabi/13.3.1/thumb/v7e-m/nofp\libg.a(libc_a-__atexit.o)
                0x0800288c                __register_exitproc
 *(.glue_7)
 .glue_7        0x0800290c        0x0 linker stubs
 *(.glue_7t)
 .glue_7t       0x0800290c        0x0 linker stubs
 *(.eh_frame)
 .eh_frame      0x0800290c        0x0 C:/stm32_enviroment/arm-gnu-toolchain-13.3.rel1-mingw-w64-i686-arm-none-eabi/bin/../lib/gcc/arm-none-eabi/13.3.1/thumb/v7e-m/nofp/crtbegin.o
 *(.init)
 .init          0x0800290c        0x4 C:/stm32_enviroment/arm-gnu-toolchain-13.3.rel1-mingw-w64-i686-arm-none-eabi/bin/../lib/gcc/arm-none-eabi/13.3.1/thumb/v7e-m/nofp/crti.o
                0x0800290c                _init
 .init          0x08002910        0x8 C:/stm32_enviroment/arm-gnu-toolchain-13.3.rel1-mingw-w64-i686-arm-none-eabi/bin/../lib/gcc/arm-none-eabi/13.3.1/thumb/v7e-m/nofp/crtn.o
 *(.fini)
 .fini          0x08002918        0x4 C:/stm32_enviroment/arm-gnu-toolchain-13.3.rel1-mingw-w64-i686-arm-none-eabi/bin/../lib/gcc/arm-none-eabi/13.3.1/thumb/v7e-m/nofp/crti.o
                0x08002918                _fini
 .fini          0x0800291c        0x8 C:/stm32_enviroment/arm-gnu-toolchain-13.3.rel1-mingw-w64-i686-arm-none-eabi/bin/../lib/gcc/arm-none-eabi/13.3.1/thumb/v7e-m/nofp/crtn.o
                0x08002924                        . = ALIGN (0x4)
                0x08002924                        _etext = .

.vfp11_veneer   0x08002924        0x0
 .vfp11_veneer  0x08002924        0x0 linker stubs

.v4_bx          0x08002924        0x0
 .v4_bx         0x08002924        0x0 linker stubs

.iplt           0x08002924        0x0
 .iplt          0x08002924        0x0 C:/stm32_enviroment/arm-gnu-toolchain-13.3.rel1-mingw-w64-i686-arm-none-eabi/bin/../lib/gcc/arm-none-eabi/13.3.1/thumb/v7e-m/nofp/crtbegin.o

.rodata         0x08002924       0x24
                0x08002924                        . = ALIGN (0x4)
 *(.rodata)
 *(.rodata*)
 .rodata.color1
                0x08002924        0x3 CMakeFiles/Cyclone_V2.elf.dir/Bsp/Src/Bsp_rgb.c.obj
                0x08002924                color1
 *fill*         0x08002927        0x1 
 .rodata.APBPrescTable
                0x08002928        0x8 CMakeFiles/Cyclone_V2.elf.dir/Core/Src/system_stm32f4xx.c.obj
                0x08002928                APBPrescTable
 .rodata.AHBPrescTable
                0x08002930       0x10 CMakeFiles/Cyclone_V2.elf.dir/Core/Src/system_stm32f4xx.c.obj
                0x08002930                AHBPrescTable
 .rodata.flagBitshiftOffset.0
                0x08002940        0x8 CMakeFiles/Cyclone_V2.elf.dir/Drivers/STM32F4xx_HAL_Driver/Src/stm32f4xx_hal_dma.c.obj
                0x08002948                        . = ALIGN (0x4)

.ARM.extab      0x08002948        0x0
                0x08002948                        . = ALIGN (0x4)
 *(.ARM.extab* .gnu.linkonce.armextab.*)
                0x08002948                        . = ALIGN (0x4)

.ARM            0x08002948        0x8
                0x08002948                        . = ALIGN (0x4)
                0x08002948                        __exidx_start = .
 *(.ARM.exidx*)
 .ARM.exidx.text.__udivmoddi4
                0x08002948        0x8 C:/stm32_enviroment/arm-gnu-toolchain-13.3.rel1-mingw-w64-i686-arm-none-eabi/bin/../lib/gcc/arm-none-eabi/13.3.1/thumb/v7e-m/nofp\libgcc.a(_udivmoddi4.o)
                0x08002950                        __exidx_end = .
                0x08002950                        . = ALIGN (0x4)

.preinit_array  0x08002950        0x0
                0x08002950                        . = ALIGN (0x4)
                0x08002950                        PROVIDE (__preinit_array_start = .)
 *(.preinit_array*)
                0x08002950                        PROVIDE (__preinit_array_end = .)
                0x08002950                        . = ALIGN (0x4)

.init_array     0x08002950        0x8
                0x08002950                        . = ALIGN (0x4)
                0x08002950                        PROVIDE (__init_array_start = .)
 *(SORT_BY_NAME(.init_array.*))
 .init_array.00000
                0x08002950        0x4 C:/stm32_enviroment/arm-gnu-toolchain-13.3.rel1-mingw-w64-i686-arm-none-eabi/bin/../lib/gcc/arm-none-eabi/13.3.1/thumb/v7e-m/nofp\libg.a(libc_a-__call_atexit.o)
 *(.init_array*)
 .init_array    0x08002954        0x4 C:/stm32_enviroment/arm-gnu-toolchain-13.3.rel1-mingw-w64-i686-arm-none-eabi/bin/../lib/gcc/arm-none-eabi/13.3.1/thumb/v7e-m/nofp/crtbegin.o
                0x08002958                        PROVIDE (__init_array_end = .)
                0x08002958                        . = ALIGN (0x4)

.fini_array     0x08002958        0x4
                0x08002958                        . = ALIGN (0x4)
                0x08002958                        PROVIDE (__fini_array_start = .)
 *(SORT_BY_NAME(.fini_array.*))
 *(.fini_array*)
 .fini_array    0x08002958        0x4 C:/stm32_enviroment/arm-gnu-toolchain-13.3.rel1-mingw-w64-i686-arm-none-eabi/bin/../lib/gcc/arm-none-eabi/13.3.1/thumb/v7e-m/nofp/crtbegin.o
                0x0800295c                        PROVIDE (__fini_array_end = .)
                0x0800295c                        . = ALIGN (0x4)
                0x0800295c                        _sidata = LOADADDR (.data)

.rel.dyn        0x0800295c        0x0
 .rel.iplt      0x0800295c        0x0 C:/stm32_enviroment/arm-gnu-toolchain-13.3.rel1-mingw-w64-i686-arm-none-eabi/bin/../lib/gcc/arm-none-eabi/13.3.1/thumb/v7e-m/nofp/crtbegin.o

.data           0x20000000       0x10 load address 0x0800295c
                0x20000000                        . = ALIGN (0x4)
                0x20000000                        _sdata = .
 *(.data)
 *(.data*)
 .data.SystemCoreClock
                0x20000000        0x4 CMakeFiles/Cyclone_V2.elf.dir/Core/Src/system_stm32f4xx.c.obj
                0x20000000                SystemCoreClock
 .data.uwTickFreq
                0x20000004        0x1 CMakeFiles/Cyclone_V2.elf.dir/Drivers/STM32F4xx_HAL_Driver/Src/stm32f4xx_hal.c.obj
                0x20000004                uwTickFreq
 *fill*         0x20000005        0x3 
 .data.uwTickPrio
                0x20000008        0x4 CMakeFiles/Cyclone_V2.elf.dir/Drivers/STM32F4xx_HAL_Driver/Src/stm32f4xx_hal.c.obj
                0x20000008                uwTickPrio
 .data.__atexit_recursive_mutex
                0x2000000c        0x4 C:/stm32_enviroment/arm-gnu-toolchain-13.3.rel1-mingw-w64-i686-arm-none-eabi/bin/../lib/gcc/arm-none-eabi/13.3.1/thumb/v7e-m/nofp\libg.a(libc_a-__call_atexit.o)
                0x2000000c                __atexit_recursive_mutex
 *(.RamFunc)
 *(.RamFunc*)
                0x20000010                        . = ALIGN (0x4)
                0x20000010                        _edata = .

.tm_clone_table
                0x20000010        0x0 load address 0x0800296c
 .tm_clone_table
                0x20000010        0x0 C:/stm32_enviroment/arm-gnu-toolchain-13.3.rel1-mingw-w64-i686-arm-none-eabi/bin/../lib/gcc/arm-none-eabi/13.3.1/thumb/v7e-m/nofp/crtbegin.o
 .tm_clone_table
                0x20000010        0x0 C:/stm32_enviroment/arm-gnu-toolchain-13.3.rel1-mingw-w64-i686-arm-none-eabi/bin/../lib/gcc/arm-none-eabi/13.3.1/thumb/v7e-m/nofp/crtend.o

.igot.plt       0x20000010        0x0 load address 0x0800296c
 .igot.plt      0x20000010        0x0 C:/stm32_enviroment/arm-gnu-toolchain-13.3.rel1-mingw-w64-i686-arm-none-eabi/bin/../lib/gcc/arm-none-eabi/13.3.1/thumb/v7e-m/nofp/crtbegin.o
                0x20000010                        . = ALIGN (0x4)

.bss            0x20000010      0x618 load address 0x0800296c
                0x20000010                        _sbss = .
                0x20000010                        __bss_start__ = _sbss
 *(.bss)
 *(.bss*)
 .bss.completed.1
                0x20000010        0x1 C:/stm32_enviroment/arm-gnu-toolchain-13.3.rel1-mingw-w64-i686-arm-none-eabi/bin/../lib/gcc/arm-none-eabi/13.3.1/thumb/v7e-m/nofp/crtbegin.o
 *fill*         0x20000011        0x3 
 .bss.object.0  0x20000014       0x18 C:/stm32_enviroment/arm-gnu-toolchain-13.3.rel1-mingw-w64-i686-arm-none-eabi/bin/../lib/gcc/arm-none-eabi/13.3.1/thumb/v7e-m/nofp/crtbegin.o
 .bss.Pixel_Buf
                0x2000002c      0x120 CMakeFiles/Cyclone_V2.elf.dir/Bsp/Src/Bsp_rgb.c.obj
                0x2000002c                Pixel_Buf
 .bss.usart_cmd_rx_buffer
                0x2000014c       0xff CMakeFiles/Cyclone_V2.elf.dir/Bsp/Src/Bsp_usart.c.obj
                0x2000014c                usart_cmd_rx_buffer
 *fill*         0x2000024b        0x1 
 .bss.CMD_Flag  0x2000024c        0x4 CMakeFiles/Cyclone_V2.elf.dir/Bsp/Src/Bsp_usart.c.obj
                0x2000024c                CMD_Flag
 .bss.CMD_Buffer_Count
                0x20000250        0x4 CMakeFiles/Cyclone_V2.elf.dir/Bsp/Src/Bsp_usart.c.obj
                0x20000250                CMD_Buffer_Count
 .bss.CMD_Buffer
                0x20000254       0xff CMakeFiles/Cyclone_V2.elf.dir/Bsp/Src/Bsp_usart.c.obj
                0x20000254                CMD_Buffer
 *fill*         0x20000353        0x1 
 .bss.hdma_tim3_ch2
                0x20000354       0x60 CMakeFiles/Cyclone_V2.elf.dir/Core/Src/tim.c.obj
                0x20000354                hdma_tim3_ch2
 .bss.htim3     0x200003b4       0x48 CMakeFiles/Cyclone_V2.elf.dir/Core/Src/tim.c.obj
                0x200003b4                htim3
 .bss.htim1     0x200003fc       0x48 CMakeFiles/Cyclone_V2.elf.dir/Core/Src/tim.c.obj
                0x200003fc                htim1
 .bss.huart1    0x20000444       0x48 CMakeFiles/Cyclone_V2.elf.dir/Core/Src/usart.c.obj
                0x20000444                huart1
 .bss.uwTick    0x2000048c        0x4 CMakeFiles/Cyclone_V2.elf.dir/Drivers/STM32F4xx_HAL_Driver/Src/stm32f4xx_hal.c.obj
                0x2000048c                uwTick
 .bss.__lock___atexit_recursive_mutex
                0x20000490        0x1 C:/stm32_enviroment/arm-gnu-toolchain-13.3.rel1-mingw-w64-i686-arm-none-eabi/bin/../lib/gcc/arm-none-eabi/13.3.1/thumb/v7e-m/nofp\libg.a(libc_a-lock.o)
                0x20000490                __lock___atexit_recursive_mutex
 *fill*         0x20000491        0x3 
 .bss.__atexit  0x20000494        0x4 C:/stm32_enviroment/arm-gnu-toolchain-13.3.rel1-mingw-w64-i686-arm-none-eabi/bin/../lib/gcc/arm-none-eabi/13.3.1/thumb/v7e-m/nofp\libg.a(libc_a-__call_atexit.o)
                0x20000494                __atexit
 .bss.__atexit0
                0x20000498      0x190 C:/stm32_enviroment/arm-gnu-toolchain-13.3.rel1-mingw-w64-i686-arm-none-eabi/bin/../lib/gcc/arm-none-eabi/13.3.1/thumb/v7e-m/nofp\libg.a(libc_a-__atexit.o)
                0x20000498                __atexit0
 *(COMMON)
                0x20000628                        . = ALIGN (0x4)
                0x20000628                        _ebss = .
                0x20000628                        __bss_end__ = _ebss

._user_heap_stack
                0x20000628      0x600 load address 0x0800296c
                0x20000628                        . = ALIGN (0x8)
                [!provide]                        PROVIDE (end = .)
                0x20000628                        PROVIDE (_end = .)
                0x20000828                        . = (. + _Min_Heap_Size)
 *fill*         0x20000628      0x200 
                0x20000c28                        . = (. + _Min_Stack_Size)
 *fill*         0x20000828      0x400 
                0x20000c28                        . = ALIGN (0x8)

/DISCARD/
 libc.a(*)
 libm.a(*)
 libgcc.a(*)

.ARM.attributes
                0x00000000       0x2a
 *(.ARM.attributes)
 .ARM.attributes
                0x00000000       0x1e C:/stm32_enviroment/arm-gnu-toolchain-13.3.rel1-mingw-w64-i686-arm-none-eabi/bin/../lib/gcc/arm-none-eabi/13.3.1/thumb/v7e-m/nofp/crti.o
 .ARM.attributes
                0x0000001e       0x2e C:/stm32_enviroment/arm-gnu-toolchain-13.3.rel1-mingw-w64-i686-arm-none-eabi/bin/../lib/gcc/arm-none-eabi/13.3.1/thumb/v7e-m/nofp/crtbegin.o
 .ARM.attributes
                0x0000004c       0x2e CMakeFiles/Cyclone_V2.elf.dir/Bsp/Src/Bsp_drv8302.c.obj
 .ARM.attributes
                0x0000007a       0x2e CMakeFiles/Cyclone_V2.elf.dir/Bsp/Src/Bsp_rgb.c.obj
 .ARM.attributes
                0x000000a8       0x2e CMakeFiles/Cyclone_V2.elf.dir/Bsp/Src/Bsp_usart.c.obj
 .ARM.attributes
                0x000000d6       0x2e CMakeFiles/Cyclone_V2.elf.dir/Core/Src/dma.c.obj
 .ARM.attributes
                0x00000104       0x2e CMakeFiles/Cyclone_V2.elf.dir/Core/Src/gpio.c.obj
 .ARM.attributes
                0x00000132       0x2e CMakeFiles/Cyclone_V2.elf.dir/Core/Src/main.c.obj
 .ARM.attributes
                0x00000160       0x2e CMakeFiles/Cyclone_V2.elf.dir/Core/Src/stm32f4xx_hal_msp.c.obj
 .ARM.attributes
                0x0000018e       0x2e CMakeFiles/Cyclone_V2.elf.dir/Core/Src/stm32f4xx_it.c.obj
 .ARM.attributes
                0x000001bc       0x2e CMakeFiles/Cyclone_V2.elf.dir/Core/Src/system_stm32f4xx.c.obj
 .ARM.attributes
                0x000001ea       0x2e CMakeFiles/Cyclone_V2.elf.dir/Core/Src/tim.c.obj
 .ARM.attributes
                0x00000218       0x2e CMakeFiles/Cyclone_V2.elf.dir/Core/Src/usart.c.obj
 .ARM.attributes
                0x00000246       0x21 CMakeFiles/Cyclone_V2.elf.dir/Core/Startup/startup_stm32f411ceux.s.obj
 .ARM.attributes
                0x00000267       0x2e CMakeFiles/Cyclone_V2.elf.dir/Drivers/STM32F4xx_HAL_Driver/Src/stm32f4xx_hal.c.obj
 .ARM.attributes
                0x00000295       0x2e CMakeFiles/Cyclone_V2.elf.dir/Drivers/STM32F4xx_HAL_Driver/Src/stm32f4xx_hal_cortex.c.obj
 .ARM.attributes
                0x000002c3       0x2e CMakeFiles/Cyclone_V2.elf.dir/Drivers/STM32F4xx_HAL_Driver/Src/stm32f4xx_hal_dma.c.obj
 .ARM.attributes
                0x000002f1       0x2e CMakeFiles/Cyclone_V2.elf.dir/Drivers/STM32F4xx_HAL_Driver/Src/stm32f4xx_hal_gpio.c.obj
 .ARM.attributes
                0x0000031f       0x2e CMakeFiles/Cyclone_V2.elf.dir/Drivers/STM32F4xx_HAL_Driver/Src/stm32f4xx_hal_rcc.c.obj
 .ARM.attributes
                0x0000034d       0x2e CMakeFiles/Cyclone_V2.elf.dir/Drivers/STM32F4xx_HAL_Driver/Src/stm32f4xx_hal_tim.c.obj
 .ARM.attributes
                0x0000037b       0x2e CMakeFiles/Cyclone_V2.elf.dir/Drivers/STM32F4xx_HAL_Driver/Src/stm32f4xx_hal_tim_ex.c.obj
 .ARM.attributes
                0x000003a9       0x2e CMakeFiles/Cyclone_V2.elf.dir/Drivers/STM32F4xx_HAL_Driver/Src/stm32f4xx_hal_uart.c.obj
 .ARM.attributes
                0x000003d7       0x1e C:/stm32_enviroment/arm-gnu-toolchain-13.3.rel1-mingw-w64-i686-arm-none-eabi/bin/../lib/gcc/arm-none-eabi/13.3.1/thumb/v7e-m/nofp\libgcc.a(_aeabi_uldivmod.o)
 .ARM.attributes
                0x000003f5       0x2e C:/stm32_enviroment/arm-gnu-toolchain-13.3.rel1-mingw-w64-i686-arm-none-eabi/bin/../lib/gcc/arm-none-eabi/13.3.1/thumb/v7e-m/nofp\libgcc.a(_udivmoddi4.o)
 .ARM.attributes
                0x00000423       0x1e C:/stm32_enviroment/arm-gnu-toolchain-13.3.rel1-mingw-w64-i686-arm-none-eabi/bin/../lib/gcc/arm-none-eabi/13.3.1/thumb/v7e-m/nofp\libgcc.a(_dvmd_tls.o)
 .ARM.attributes
                0x00000441       0x2e C:/stm32_enviroment/arm-gnu-toolchain-13.3.rel1-mingw-w64-i686-arm-none-eabi/bin/../lib/gcc/arm-none-eabi/13.3.1/thumb/v7e-m/nofp\libg.a(libc_a-memset.o)
 .ARM.attributes
                0x0000046f       0x2e C:/stm32_enviroment/arm-gnu-toolchain-13.3.rel1-mingw-w64-i686-arm-none-eabi/bin/../lib/gcc/arm-none-eabi/13.3.1/thumb/v7e-m/nofp\libg.a(libc_a-init.o)
 .ARM.attributes
                0x0000049d       0x2e C:/stm32_enviroment/arm-gnu-toolchain-13.3.rel1-mingw-w64-i686-arm-none-eabi/bin/../lib/gcc/arm-none-eabi/13.3.1/thumb/v7e-m/nofp\libg.a(libc_a-lock.o)
 .ARM.attributes
                0x000004cb       0x2e C:/stm32_enviroment/arm-gnu-toolchain-13.3.rel1-mingw-w64-i686-arm-none-eabi/bin/../lib/gcc/arm-none-eabi/13.3.1/thumb/v7e-m/nofp\libg.a(libc_a-__call_atexit.o)
 .ARM.attributes
                0x000004f9       0x2e C:/stm32_enviroment/arm-gnu-toolchain-13.3.rel1-mingw-w64-i686-arm-none-eabi/bin/../lib/gcc/arm-none-eabi/13.3.1/thumb/v7e-m/nofp\libg.a(libc_a-atexit.o)
 .ARM.attributes
                0x00000527       0x2e C:/stm32_enviroment/arm-gnu-toolchain-13.3.rel1-mingw-w64-i686-arm-none-eabi/bin/../lib/gcc/arm-none-eabi/13.3.1/thumb/v7e-m/nofp\libg.a(libc_a-fini.o)
 .ARM.attributes
                0x00000555       0x2e C:/stm32_enviroment/arm-gnu-toolchain-13.3.rel1-mingw-w64-i686-arm-none-eabi/bin/../lib/gcc/arm-none-eabi/13.3.1/thumb/v7e-m/nofp\libg.a(libc_a-__atexit.o)
 .ARM.attributes
                0x00000583       0x2e C:/stm32_enviroment/arm-gnu-toolchain-13.3.rel1-mingw-w64-i686-arm-none-eabi/bin/../lib/gcc/arm-none-eabi/13.3.1/thumb/v7e-m/nofp/crtend.o
 .ARM.attributes
                0x000005b1       0x1e C:/stm32_enviroment/arm-gnu-toolchain-13.3.rel1-mingw-w64-i686-arm-none-eabi/bin/../lib/gcc/arm-none-eabi/13.3.1/thumb/v7e-m/nofp/crtn.o
OUTPUT(Cyclone_V2.elf elf32-littlearm)
LOAD linker stubs
LOAD C:/stm32_enviroment/arm-gnu-toolchain-13.3.rel1-mingw-w64-i686-arm-none-eabi/bin/../lib/gcc/arm-none-eabi/13.3.1/thumb/v7e-m/nofp\libc.a
LOAD C:/stm32_enviroment/arm-gnu-toolchain-13.3.rel1-mingw-w64-i686-arm-none-eabi/bin/../lib/gcc/arm-none-eabi/13.3.1/thumb/v7e-m/nofp\libm.a
LOAD C:/stm32_enviroment/arm-gnu-toolchain-13.3.rel1-mingw-w64-i686-arm-none-eabi/bin/../lib/gcc/arm-none-eabi/13.3.1/thumb/v7e-m/nofp\libgcc.a

.debug_info     0x00000000    0x1193e
 .debug_info    0x00000000      0x1c4 CMakeFiles/Cyclone_V2.elf.dir/Bsp/Src/Bsp_drv8302.c.obj
 .debug_info    0x000001c4      0xab8 CMakeFiles/Cyclone_V2.elf.dir/Bsp/Src/Bsp_rgb.c.obj
 .debug_info    0x00000c7c      0x7c7 CMakeFiles/Cyclone_V2.elf.dir/Bsp/Src/Bsp_usart.c.obj
 .debug_info    0x00001443      0x478 CMakeFiles/Cyclone_V2.elf.dir/Core/Src/dma.c.obj
 .debug_info    0x000018bb      0x455 CMakeFiles/Cyclone_V2.elf.dir/Core/Src/gpio.c.obj
 .debug_info    0x00001d10      0x622 CMakeFiles/Cyclone_V2.elf.dir/Core/Src/main.c.obj
 .debug_info    0x00002332      0x294 CMakeFiles/Cyclone_V2.elf.dir/Core/Src/stm32f4xx_hal_msp.c.obj
 .debug_info    0x000025c6      0x69c CMakeFiles/Cyclone_V2.elf.dir/Core/Src/stm32f4xx_it.c.obj
 .debug_info    0x00002c62      0x35c CMakeFiles/Cyclone_V2.elf.dir/Core/Src/system_stm32f4xx.c.obj
 .debug_info    0x00002fbe     0x10e8 CMakeFiles/Cyclone_V2.elf.dir/Core/Src/tim.c.obj
 .debug_info    0x000040a6      0xbda CMakeFiles/Cyclone_V2.elf.dir/Core/Src/usart.c.obj
 .debug_info    0x00004c80       0x30 CMakeFiles/Cyclone_V2.elf.dir/Core/Startup/startup_stm32f411ceux.s.obj
 .debug_info    0x00004cb0      0x962 CMakeFiles/Cyclone_V2.elf.dir/Drivers/STM32F4xx_HAL_Driver/Src/stm32f4xx_hal.c.obj
 .debug_info    0x00005612      0xf32 CMakeFiles/Cyclone_V2.elf.dir/Drivers/STM32F4xx_HAL_Driver/Src/stm32f4xx_hal_cortex.c.obj
 .debug_info    0x00006544      0xad8 CMakeFiles/Cyclone_V2.elf.dir/Drivers/STM32F4xx_HAL_Driver/Src/stm32f4xx_hal_dma.c.obj
 .debug_info    0x0000701c      0x73a CMakeFiles/Cyclone_V2.elf.dir/Drivers/STM32F4xx_HAL_Driver/Src/stm32f4xx_hal_gpio.c.obj
 .debug_info    0x00007756      0xab0 CMakeFiles/Cyclone_V2.elf.dir/Drivers/STM32F4xx_HAL_Driver/Src/stm32f4xx_hal_rcc.c.obj
 .debug_info    0x00008206     0x3c4c CMakeFiles/Cyclone_V2.elf.dir/Drivers/STM32F4xx_HAL_Driver/Src/stm32f4xx_hal_tim.c.obj
 .debug_info    0x0000be52     0x1ae5 CMakeFiles/Cyclone_V2.elf.dir/Drivers/STM32F4xx_HAL_Driver/Src/stm32f4xx_hal_tim_ex.c.obj
 .debug_info    0x0000d937     0x4007 CMakeFiles/Cyclone_V2.elf.dir/Drivers/STM32F4xx_HAL_Driver/Src/stm32f4xx_hal_uart.c.obj

.debug_abbrev   0x00000000     0x2823
 .debug_abbrev  0x00000000      0x102 CMakeFiles/Cyclone_V2.elf.dir/Bsp/Src/Bsp_drv8302.c.obj
 .debug_abbrev  0x00000102      0x25e CMakeFiles/Cyclone_V2.elf.dir/Bsp/Src/Bsp_rgb.c.obj
 .debug_abbrev  0x00000360      0x22d CMakeFiles/Cyclone_V2.elf.dir/Bsp/Src/Bsp_usart.c.obj
 .debug_abbrev  0x0000058d      0x12b CMakeFiles/Cyclone_V2.elf.dir/Core/Src/dma.c.obj
 .debug_abbrev  0x000006b8      0x163 CMakeFiles/Cyclone_V2.elf.dir/Core/Src/gpio.c.obj
 .debug_abbrev  0x0000081b      0x220 CMakeFiles/Cyclone_V2.elf.dir/Core/Src/main.c.obj
 .debug_abbrev  0x00000a3b       0xd6 CMakeFiles/Cyclone_V2.elf.dir/Core/Src/stm32f4xx_hal_msp.c.obj
 .debug_abbrev  0x00000b11      0x18b CMakeFiles/Cyclone_V2.elf.dir/Core/Src/stm32f4xx_it.c.obj
 .debug_abbrev  0x00000c9c      0x120 CMakeFiles/Cyclone_V2.elf.dir/Core/Src/system_stm32f4xx.c.obj
 .debug_abbrev  0x00000dbc      0x276 CMakeFiles/Cyclone_V2.elf.dir/Core/Src/tim.c.obj
 .debug_abbrev  0x00001032      0x235 CMakeFiles/Cyclone_V2.elf.dir/Core/Src/usart.c.obj
 .debug_abbrev  0x00001267       0x24 CMakeFiles/Cyclone_V2.elf.dir/Core/Startup/startup_stm32f411ceux.s.obj
 .debug_abbrev  0x0000128b      0x277 CMakeFiles/Cyclone_V2.elf.dir/Drivers/STM32F4xx_HAL_Driver/Src/stm32f4xx_hal.c.obj
 .debug_abbrev  0x00001502      0x39c CMakeFiles/Cyclone_V2.elf.dir/Drivers/STM32F4xx_HAL_Driver/Src/stm32f4xx_hal_cortex.c.obj
 .debug_abbrev  0x0000189e      0x27d CMakeFiles/Cyclone_V2.elf.dir/Drivers/STM32F4xx_HAL_Driver/Src/stm32f4xx_hal_dma.c.obj
 .debug_abbrev  0x00001b1b      0x201 CMakeFiles/Cyclone_V2.elf.dir/Drivers/STM32F4xx_HAL_Driver/Src/stm32f4xx_hal_gpio.c.obj
 .debug_abbrev  0x00001d1c      0x2c5 CMakeFiles/Cyclone_V2.elf.dir/Drivers/STM32F4xx_HAL_Driver/Src/stm32f4xx_hal_rcc.c.obj
 .debug_abbrev  0x00001fe1      0x284 CMakeFiles/Cyclone_V2.elf.dir/Drivers/STM32F4xx_HAL_Driver/Src/stm32f4xx_hal_tim.c.obj
 .debug_abbrev  0x00002265      0x282 CMakeFiles/Cyclone_V2.elf.dir/Drivers/STM32F4xx_HAL_Driver/Src/stm32f4xx_hal_tim_ex.c.obj
 .debug_abbrev  0x000024e7      0x33c CMakeFiles/Cyclone_V2.elf.dir/Drivers/STM32F4xx_HAL_Driver/Src/stm32f4xx_hal_uart.c.obj

.debug_aranges  0x00000000      0xcd8
 .debug_aranges
                0x00000000       0x20 CMakeFiles/Cyclone_V2.elf.dir/Bsp/Src/Bsp_drv8302.c.obj
 .debug_aranges
                0x00000020       0x48 CMakeFiles/Cyclone_V2.elf.dir/Bsp/Src/Bsp_rgb.c.obj
 .debug_aranges
                0x00000068       0x28 CMakeFiles/Cyclone_V2.elf.dir/Bsp/Src/Bsp_usart.c.obj
 .debug_aranges
                0x00000090       0x20 CMakeFiles/Cyclone_V2.elf.dir/Core/Src/dma.c.obj
 .debug_aranges
                0x000000b0       0x20 CMakeFiles/Cyclone_V2.elf.dir/Core/Src/gpio.c.obj
 .debug_aranges
                0x000000d0       0x30 CMakeFiles/Cyclone_V2.elf.dir/Core/Src/main.c.obj
 .debug_aranges
                0x00000100       0x20 CMakeFiles/Cyclone_V2.elf.dir/Core/Src/stm32f4xx_hal_msp.c.obj
 .debug_aranges
                0x00000120       0x70 CMakeFiles/Cyclone_V2.elf.dir/Core/Src/stm32f4xx_it.c.obj
 .debug_aranges
                0x00000190       0x28 CMakeFiles/Cyclone_V2.elf.dir/Core/Src/system_stm32f4xx.c.obj
 .debug_aranges
                0x000001b8       0x40 CMakeFiles/Cyclone_V2.elf.dir/Core/Src/tim.c.obj
 .debug_aranges
                0x000001f8       0x30 CMakeFiles/Cyclone_V2.elf.dir/Core/Src/usart.c.obj
 .debug_aranges
                0x00000228       0x28 CMakeFiles/Cyclone_V2.elf.dir/Core/Startup/startup_stm32f411ceux.s.obj
 .debug_aranges
                0x00000250       0xf0 CMakeFiles/Cyclone_V2.elf.dir/Drivers/STM32F4xx_HAL_Driver/Src/stm32f4xx_hal.c.obj
 .debug_aranges
                0x00000340       0xe8 CMakeFiles/Cyclone_V2.elf.dir/Drivers/STM32F4xx_HAL_Driver/Src/stm32f4xx_hal_cortex.c.obj
 .debug_aranges
                0x00000428       0x90 CMakeFiles/Cyclone_V2.elf.dir/Drivers/STM32F4xx_HAL_Driver/Src/stm32f4xx_hal_dma.c.obj
 .debug_aranges
                0x000004b8       0x58 CMakeFiles/Cyclone_V2.elf.dir/Drivers/STM32F4xx_HAL_Driver/Src/stm32f4xx_hal_gpio.c.obj
 .debug_aranges
                0x00000510       0x88 CMakeFiles/Cyclone_V2.elf.dir/Drivers/STM32F4xx_HAL_Driver/Src/stm32f4xx_hal_rcc.c.obj
 .debug_aranges
                0x00000598      0x3d0 CMakeFiles/Cyclone_V2.elf.dir/Drivers/STM32F4xx_HAL_Driver/Src/stm32f4xx_hal_tim.c.obj
 .debug_aranges
                0x00000968      0x168 CMakeFiles/Cyclone_V2.elf.dir/Drivers/STM32F4xx_HAL_Driver/Src/stm32f4xx_hal_tim_ex.c.obj
 .debug_aranges
                0x00000ad0      0x208 CMakeFiles/Cyclone_V2.elf.dir/Drivers/STM32F4xx_HAL_Driver/Src/stm32f4xx_hal_uart.c.obj

.debug_rnglists
                0x00000000      0x9bc
 .debug_rnglists
                0x00000000       0x13 CMakeFiles/Cyclone_V2.elf.dir/Bsp/Src/Bsp_drv8302.c.obj
 .debug_rnglists
                0x00000013       0x33 CMakeFiles/Cyclone_V2.elf.dir/Bsp/Src/Bsp_rgb.c.obj
 .debug_rnglists
                0x00000046       0x19 CMakeFiles/Cyclone_V2.elf.dir/Bsp/Src/Bsp_usart.c.obj
 .debug_rnglists
                0x0000005f       0x13 CMakeFiles/Cyclone_V2.elf.dir/Core/Src/dma.c.obj
 .debug_rnglists
                0x00000072       0x14 CMakeFiles/Cyclone_V2.elf.dir/Core/Src/gpio.c.obj
 .debug_rnglists
                0x00000086       0x20 CMakeFiles/Cyclone_V2.elf.dir/Core/Src/main.c.obj
 .debug_rnglists
                0x000000a6       0x13 CMakeFiles/Cyclone_V2.elf.dir/Core/Src/stm32f4xx_hal_msp.c.obj
 .debug_rnglists
                0x000000b9       0x4f CMakeFiles/Cyclone_V2.elf.dir/Core/Src/stm32f4xx_it.c.obj
 .debug_rnglists
                0x00000108       0x1a CMakeFiles/Cyclone_V2.elf.dir/Core/Src/system_stm32f4xx.c.obj
 .debug_rnglists
                0x00000122       0x2f CMakeFiles/Cyclone_V2.elf.dir/Core/Src/tim.c.obj
 .debug_rnglists
                0x00000151       0x20 CMakeFiles/Cyclone_V2.elf.dir/Core/Src/usart.c.obj
 .debug_rnglists
                0x00000171       0x19 CMakeFiles/Cyclone_V2.elf.dir/Core/Startup/startup_stm32f411ceux.s.obj
 .debug_rnglists
                0x0000018a       0xaf CMakeFiles/Cyclone_V2.elf.dir/Drivers/STM32F4xx_HAL_Driver/Src/stm32f4xx_hal.c.obj
 .debug_rnglists
                0x00000239       0xa9 CMakeFiles/Cyclone_V2.elf.dir/Drivers/STM32F4xx_HAL_Driver/Src/stm32f4xx_hal_cortex.c.obj
 .debug_rnglists
                0x000002e2       0x6c CMakeFiles/Cyclone_V2.elf.dir/Drivers/STM32F4xx_HAL_Driver/Src/stm32f4xx_hal_dma.c.obj
 .debug_rnglists
                0x0000034e       0x3f CMakeFiles/Cyclone_V2.elf.dir/Drivers/STM32F4xx_HAL_Driver/Src/stm32f4xx_hal_gpio.c.obj
 .debug_rnglists
                0x0000038d       0x75 CMakeFiles/Cyclone_V2.elf.dir/Drivers/STM32F4xx_HAL_Driver/Src/stm32f4xx_hal_rcc.c.obj
 .debug_rnglists
                0x00000402      0x2ff CMakeFiles/Cyclone_V2.elf.dir/Drivers/STM32F4xx_HAL_Driver/Src/stm32f4xx_hal_tim.c.obj
 .debug_rnglists
                0x00000701      0x11a CMakeFiles/Cyclone_V2.elf.dir/Drivers/STM32F4xx_HAL_Driver/Src/stm32f4xx_hal_tim_ex.c.obj
 .debug_rnglists
                0x0000081b      0x1a1 CMakeFiles/Cyclone_V2.elf.dir/Drivers/STM32F4xx_HAL_Driver/Src/stm32f4xx_hal_uart.c.obj

.debug_line     0x00000000     0xeefb
 .debug_line    0x00000000      0x204 CMakeFiles/Cyclone_V2.elf.dir/Bsp/Src/Bsp_drv8302.c.obj
 .debug_line    0x00000204      0x623 CMakeFiles/Cyclone_V2.elf.dir/Bsp/Src/Bsp_rgb.c.obj
 .debug_line    0x00000827      0x402 CMakeFiles/Cyclone_V2.elf.dir/Bsp/Src/Bsp_usart.c.obj
 .debug_line    0x00000c29      0x208 CMakeFiles/Cyclone_V2.elf.dir/Core/Src/dma.c.obj
 .debug_line    0x00000e31      0x23b CMakeFiles/Cyclone_V2.elf.dir/Core/Src/gpio.c.obj
 .debug_line    0x0000106c      0x41e CMakeFiles/Cyclone_V2.elf.dir/Core/Src/main.c.obj
 .debug_line    0x0000148a      0x1c4 CMakeFiles/Cyclone_V2.elf.dir/Core/Src/stm32f4xx_hal_msp.c.obj
 .debug_line    0x0000164e      0x363 CMakeFiles/Cyclone_V2.elf.dir/Core/Src/stm32f4xx_it.c.obj
 .debug_line    0x000019b1      0x28c CMakeFiles/Cyclone_V2.elf.dir/Core/Src/system_stm32f4xx.c.obj
 .debug_line    0x00001c3d      0x6ba CMakeFiles/Cyclone_V2.elf.dir/Core/Src/tim.c.obj
 .debug_line    0x000022f7      0x38a CMakeFiles/Cyclone_V2.elf.dir/Core/Src/usart.c.obj
 .debug_line    0x00002681       0x7a CMakeFiles/Cyclone_V2.elf.dir/Core/Startup/startup_stm32f411ceux.s.obj
 .debug_line    0x000026fb      0x60b CMakeFiles/Cyclone_V2.elf.dir/Drivers/STM32F4xx_HAL_Driver/Src/stm32f4xx_hal.c.obj
 .debug_line    0x00002d06      0x8b3 CMakeFiles/Cyclone_V2.elf.dir/Drivers/STM32F4xx_HAL_Driver/Src/stm32f4xx_hal_cortex.c.obj
 .debug_line    0x000035b9      0xebc CMakeFiles/Cyclone_V2.elf.dir/Drivers/STM32F4xx_HAL_Driver/Src/stm32f4xx_hal_dma.c.obj
 .debug_line    0x00004475      0x742 CMakeFiles/Cyclone_V2.elf.dir/Drivers/STM32F4xx_HAL_Driver/Src/stm32f4xx_hal_gpio.c.obj
 .debug_line    0x00004bb7      0xc0e CMakeFiles/Cyclone_V2.elf.dir/Drivers/STM32F4xx_HAL_Driver/Src/stm32f4xx_hal_rcc.c.obj
 .debug_line    0x000057c5     0x46f9 CMakeFiles/Cyclone_V2.elf.dir/Drivers/STM32F4xx_HAL_Driver/Src/stm32f4xx_hal_tim.c.obj
 .debug_line    0x00009ebe     0x1adc CMakeFiles/Cyclone_V2.elf.dir/Drivers/STM32F4xx_HAL_Driver/Src/stm32f4xx_hal_tim_ex.c.obj
 .debug_line    0x0000b99a     0x3561 CMakeFiles/Cyclone_V2.elf.dir/Drivers/STM32F4xx_HAL_Driver/Src/stm32f4xx_hal_uart.c.obj

.debug_str      0x00000000     0x3e72
 .debug_str     0x00000000     0x3e72 CMakeFiles/Cyclone_V2.elf.dir/Bsp/Src/Bsp_drv8302.c.obj
                                0x255 (size before relaxing)
 .debug_str     0x00003e72      0x822 CMakeFiles/Cyclone_V2.elf.dir/Bsp/Src/Bsp_rgb.c.obj
 .debug_str     0x00003e72      0x746 CMakeFiles/Cyclone_V2.elf.dir/Bsp/Src/Bsp_usart.c.obj
 .debug_str     0x00003e72      0x6a4 CMakeFiles/Cyclone_V2.elf.dir/Core/Src/dma.c.obj
 .debug_str     0x00003e72      0x3a9 CMakeFiles/Cyclone_V2.elf.dir/Core/Src/gpio.c.obj
 .debug_str     0x00003e72      0x532 CMakeFiles/Cyclone_V2.elf.dir/Core/Src/main.c.obj
 .debug_str     0x00003e72      0x2ea CMakeFiles/Cyclone_V2.elf.dir/Core/Src/stm32f4xx_hal_msp.c.obj
 .debug_str     0x00003e72      0x735 CMakeFiles/Cyclone_V2.elf.dir/Core/Src/stm32f4xx_it.c.obj
 .debug_str     0x00003e72      0x34b CMakeFiles/Cyclone_V2.elf.dir/Core/Src/system_stm32f4xx.c.obj
 .debug_str     0x00003e72      0xc03 CMakeFiles/Cyclone_V2.elf.dir/Core/Src/tim.c.obj
 .debug_str     0x00003e72      0xc41 CMakeFiles/Cyclone_V2.elf.dir/Core/Src/usart.c.obj
 .debug_str     0x00003e72       0x89 CMakeFiles/Cyclone_V2.elf.dir/Core/Startup/startup_stm32f411ceux.s.obj
 .debug_str     0x00003e72      0xa36 CMakeFiles/Cyclone_V2.elf.dir/Drivers/STM32F4xx_HAL_Driver/Src/stm32f4xx_hal.c.obj
 .debug_str     0x00003e72      0xb03 CMakeFiles/Cyclone_V2.elf.dir/Drivers/STM32F4xx_HAL_Driver/Src/stm32f4xx_hal_cortex.c.obj
 .debug_str     0x00003e72      0x78e CMakeFiles/Cyclone_V2.elf.dir/Drivers/STM32F4xx_HAL_Driver/Src/stm32f4xx_hal_dma.c.obj
 .debug_str     0x00003e72      0x50a CMakeFiles/Cyclone_V2.elf.dir/Drivers/STM32F4xx_HAL_Driver/Src/stm32f4xx_hal_gpio.c.obj
 .debug_str     0x00003e72      0x730 CMakeFiles/Cyclone_V2.elf.dir/Drivers/STM32F4xx_HAL_Driver/Src/stm32f4xx_hal_rcc.c.obj
 .debug_str     0x00003e72     0x1717 CMakeFiles/Cyclone_V2.elf.dir/Drivers/STM32F4xx_HAL_Driver/Src/stm32f4xx_hal_tim.c.obj
 .debug_str     0x00003e72      0xf23 CMakeFiles/Cyclone_V2.elf.dir/Drivers/STM32F4xx_HAL_Driver/Src/stm32f4xx_hal_tim_ex.c.obj
 .debug_str     0x00003e72      0xdb3 CMakeFiles/Cyclone_V2.elf.dir/Drivers/STM32F4xx_HAL_Driver/Src/stm32f4xx_hal_uart.c.obj

.comment        0x00000000       0x45
 .comment       0x00000000       0x45 CMakeFiles/Cyclone_V2.elf.dir/Bsp/Src/Bsp_drv8302.c.obj
                                 0x46 (size before relaxing)
 .comment       0x00000045       0x46 CMakeFiles/Cyclone_V2.elf.dir/Bsp/Src/Bsp_rgb.c.obj
 .comment       0x00000045       0x46 CMakeFiles/Cyclone_V2.elf.dir/Bsp/Src/Bsp_usart.c.obj
 .comment       0x00000045       0x46 CMakeFiles/Cyclone_V2.elf.dir/Core/Src/dma.c.obj
 .comment       0x00000045       0x46 CMakeFiles/Cyclone_V2.elf.dir/Core/Src/gpio.c.obj
 .comment       0x00000045       0x46 CMakeFiles/Cyclone_V2.elf.dir/Core/Src/main.c.obj
 .comment       0x00000045       0x46 CMakeFiles/Cyclone_V2.elf.dir/Core/Src/stm32f4xx_hal_msp.c.obj
 .comment       0x00000045       0x46 CMakeFiles/Cyclone_V2.elf.dir/Core/Src/stm32f4xx_it.c.obj
 .comment       0x00000045       0x46 CMakeFiles/Cyclone_V2.elf.dir/Core/Src/system_stm32f4xx.c.obj
 .comment       0x00000045       0x46 CMakeFiles/Cyclone_V2.elf.dir/Core/Src/tim.c.obj
 .comment       0x00000045       0x46 CMakeFiles/Cyclone_V2.elf.dir/Core/Src/usart.c.obj
 .comment       0x00000045       0x46 CMakeFiles/Cyclone_V2.elf.dir/Drivers/STM32F4xx_HAL_Driver/Src/stm32f4xx_hal.c.obj
 .comment       0x00000045       0x46 CMakeFiles/Cyclone_V2.elf.dir/Drivers/STM32F4xx_HAL_Driver/Src/stm32f4xx_hal_cortex.c.obj
 .comment       0x00000045       0x46 CMakeFiles/Cyclone_V2.elf.dir/Drivers/STM32F4xx_HAL_Driver/Src/stm32f4xx_hal_dma.c.obj
 .comment       0x00000045       0x46 CMakeFiles/Cyclone_V2.elf.dir/Drivers/STM32F4xx_HAL_Driver/Src/stm32f4xx_hal_gpio.c.obj
 .comment       0x00000045       0x46 CMakeFiles/Cyclone_V2.elf.dir/Drivers/STM32F4xx_HAL_Driver/Src/stm32f4xx_hal_rcc.c.obj
 .comment       0x00000045       0x46 CMakeFiles/Cyclone_V2.elf.dir/Drivers/STM32F4xx_HAL_Driver/Src/stm32f4xx_hal_tim.c.obj
 .comment       0x00000045       0x46 CMakeFiles/Cyclone_V2.elf.dir/Drivers/STM32F4xx_HAL_Driver/Src/stm32f4xx_hal_tim_ex.c.obj
 .comment       0x00000045       0x46 CMakeFiles/Cyclone_V2.elf.dir/Drivers/STM32F4xx_HAL_Driver/Src/stm32f4xx_hal_uart.c.obj

.debug_frame    0x00000000     0x232c
 .debug_frame   0x00000000       0x28 CMakeFiles/Cyclone_V2.elf.dir/Bsp/Src/Bsp_drv8302.c.obj
 .debug_frame   0x00000028       0xac CMakeFiles/Cyclone_V2.elf.dir/Bsp/Src/Bsp_rgb.c.obj
 .debug_frame   0x000000d4       0x64 CMakeFiles/Cyclone_V2.elf.dir/Bsp/Src/Bsp_usart.c.obj
 .debug_frame   0x00000138       0x2c CMakeFiles/Cyclone_V2.elf.dir/Core/Src/dma.c.obj
 .debug_frame   0x00000164       0x30 CMakeFiles/Cyclone_V2.elf.dir/Core/Src/gpio.c.obj
 .debug_frame   0x00000194       0x58 CMakeFiles/Cyclone_V2.elf.dir/Core/Src/main.c.obj
 .debug_frame   0x000001ec       0x28 CMakeFiles/Cyclone_V2.elf.dir/Core/Src/stm32f4xx_hal_msp.c.obj
 .debug_frame   0x00000214       0xd8 CMakeFiles/Cyclone_V2.elf.dir/Core/Src/stm32f4xx_it.c.obj
 .debug_frame   0x000002ec       0x30 CMakeFiles/Cyclone_V2.elf.dir/Core/Src/system_stm32f4xx.c.obj
 .debug_frame   0x0000031c       0xb0 CMakeFiles/Cyclone_V2.elf.dir/Core/Src/tim.c.obj
 .debug_frame   0x000003cc       0x60 CMakeFiles/Cyclone_V2.elf.dir/Core/Src/usart.c.obj
 .debug_frame   0x0000042c      0x1ec CMakeFiles/Cyclone_V2.elf.dir/Drivers/STM32F4xx_HAL_Driver/Src/stm32f4xx_hal.c.obj
 .debug_frame   0x00000618      0x1f4 CMakeFiles/Cyclone_V2.elf.dir/Drivers/STM32F4xx_HAL_Driver/Src/stm32f4xx_hal_cortex.c.obj
 .debug_frame   0x0000080c      0x188 CMakeFiles/Cyclone_V2.elf.dir/Drivers/STM32F4xx_HAL_Driver/Src/stm32f4xx_hal_dma.c.obj
 .debug_frame   0x00000994       0xd4 CMakeFiles/Cyclone_V2.elf.dir/Drivers/STM32F4xx_HAL_Driver/Src/stm32f4xx_hal_gpio.c.obj
 .debug_frame   0x00000a68      0x16c CMakeFiles/Cyclone_V2.elf.dir/Drivers/STM32F4xx_HAL_Driver/Src/stm32f4xx_hal_rcc.c.obj
 .debug_frame   0x00000bd4      0xb18 CMakeFiles/Cyclone_V2.elf.dir/Drivers/STM32F4xx_HAL_Driver/Src/stm32f4xx_hal_tim.c.obj
 .debug_frame   0x000016ec      0x418 CMakeFiles/Cyclone_V2.elf.dir/Drivers/STM32F4xx_HAL_Driver/Src/stm32f4xx_hal_tim_ex.c.obj
 .debug_frame   0x00001b04      0x5dc CMakeFiles/Cyclone_V2.elf.dir/Drivers/STM32F4xx_HAL_Driver/Src/stm32f4xx_hal_uart.c.obj
 .debug_frame   0x000020e0       0x2c C:/stm32_enviroment/arm-gnu-toolchain-13.3.rel1-mingw-w64-i686-arm-none-eabi/bin/../lib/gcc/arm-none-eabi/13.3.1/thumb/v7e-m/nofp\libgcc.a(_aeabi_uldivmod.o)
 .debug_frame   0x0000210c       0x34 C:/stm32_enviroment/arm-gnu-toolchain-13.3.rel1-mingw-w64-i686-arm-none-eabi/bin/../lib/gcc/arm-none-eabi/13.3.1/thumb/v7e-m/nofp\libgcc.a(_udivmoddi4.o)
 .debug_frame   0x00002140       0x2c C:/stm32_enviroment/arm-gnu-toolchain-13.3.rel1-mingw-w64-i686-arm-none-eabi/bin/../lib/gcc/arm-none-eabi/13.3.1/thumb/v7e-m/nofp\libg.a(libc_a-memset.o)
 .debug_frame   0x0000216c       0x2c C:/stm32_enviroment/arm-gnu-toolchain-13.3.rel1-mingw-w64-i686-arm-none-eabi/bin/../lib/gcc/arm-none-eabi/13.3.1/thumb/v7e-m/nofp\libg.a(libc_a-init.o)
 .debug_frame   0x00002198       0xb0 C:/stm32_enviroment/arm-gnu-toolchain-13.3.rel1-mingw-w64-i686-arm-none-eabi/bin/../lib/gcc/arm-none-eabi/13.3.1/thumb/v7e-m/nofp\libg.a(libc_a-lock.o)
 .debug_frame   0x00002248       0x5c C:/stm32_enviroment/arm-gnu-toolchain-13.3.rel1-mingw-w64-i686-arm-none-eabi/bin/../lib/gcc/arm-none-eabi/13.3.1/thumb/v7e-m/nofp\libg.a(libc_a-__call_atexit.o)
 .debug_frame   0x000022a4       0x20 C:/stm32_enviroment/arm-gnu-toolchain-13.3.rel1-mingw-w64-i686-arm-none-eabi/bin/../lib/gcc/arm-none-eabi/13.3.1/thumb/v7e-m/nofp\libg.a(libc_a-atexit.o)
 .debug_frame   0x000022c4       0x34 C:/stm32_enviroment/arm-gnu-toolchain-13.3.rel1-mingw-w64-i686-arm-none-eabi/bin/../lib/gcc/arm-none-eabi/13.3.1/thumb/v7e-m/nofp\libg.a(libc_a-fini.o)
 .debug_frame   0x000022f8       0x34 C:/stm32_enviroment/arm-gnu-toolchain-13.3.rel1-mingw-w64-i686-arm-none-eabi/bin/../lib/gcc/arm-none-eabi/13.3.1/thumb/v7e-m/nofp\libg.a(libc_a-__atexit.o)

.debug_loclists
                0x00000000     0x91de
 .debug_loclists
                0x00000000       0xd7 CMakeFiles/Cyclone_V2.elf.dir/Bsp/Src/Bsp_rgb.c.obj
 .debug_loclists
                0x000000d7       0x79 CMakeFiles/Cyclone_V2.elf.dir/Bsp/Src/Bsp_usart.c.obj
 .debug_loclists
                0x00000150       0xfa CMakeFiles/Cyclone_V2.elf.dir/Core/Src/system_stm32f4xx.c.obj
 .debug_loclists
                0x0000024a       0xba CMakeFiles/Cyclone_V2.elf.dir/Core/Src/tim.c.obj
 .debug_loclists
                0x00000304       0x75 CMakeFiles/Cyclone_V2.elf.dir/Core/Src/usart.c.obj
 .debug_loclists
                0x00000379       0xe1 CMakeFiles/Cyclone_V2.elf.dir/Drivers/STM32F4xx_HAL_Driver/Src/stm32f4xx_hal.c.obj
 .debug_loclists
                0x0000045a      0x54d CMakeFiles/Cyclone_V2.elf.dir/Drivers/STM32F4xx_HAL_Driver/Src/stm32f4xx_hal_cortex.c.obj
 .debug_loclists
                0x000009a7      0x88a CMakeFiles/Cyclone_V2.elf.dir/Drivers/STM32F4xx_HAL_Driver/Src/stm32f4xx_hal_dma.c.obj
 .debug_loclists
                0x00001231      0x386 CMakeFiles/Cyclone_V2.elf.dir/Drivers/STM32F4xx_HAL_Driver/Src/stm32f4xx_hal_gpio.c.obj
 .debug_loclists
                0x000015b7      0x3e5 CMakeFiles/Cyclone_V2.elf.dir/Drivers/STM32F4xx_HAL_Driver/Src/stm32f4xx_hal_rcc.c.obj
 .debug_loclists
                0x0000199c     0x37d9 CMakeFiles/Cyclone_V2.elf.dir/Drivers/STM32F4xx_HAL_Driver/Src/stm32f4xx_hal_tim.c.obj
 .debug_loclists
                0x00005175     0x13e0 CMakeFiles/Cyclone_V2.elf.dir/Drivers/STM32F4xx_HAL_Driver/Src/stm32f4xx_hal_tim_ex.c.obj
 .debug_loclists
                0x00006555     0x2c89 CMakeFiles/Cyclone_V2.elf.dir/Drivers/STM32F4xx_HAL_Driver/Src/stm32f4xx_hal_uart.c.obj

.debug_line_str
                0x00000000      0x13f
 .debug_line_str
                0x00000000      0x13f CMakeFiles/Cyclone_V2.elf.dir/Core/Startup/startup_stm32f411ceux.s.obj
                                 0x6d (size before relaxing)
 .debug_line_str
                0x0000013f       0xc6 C:/stm32_enviroment/arm-gnu-toolchain-13.3.rel1-mingw-w64-i686-arm-none-eabi/bin/../lib/gcc/arm-none-eabi/13.3.1/thumb/v7e-m/nofp\libgcc.a(_aeabi_uldivmod.o)
 .debug_line_str
                0x0000013f       0xca C:/stm32_enviroment/arm-gnu-toolchain-13.3.rel1-mingw-w64-i686-arm-none-eabi/bin/../lib/gcc/arm-none-eabi/13.3.1/thumb/v7e-m/nofp\libgcc.a(_dvmd_tls.o)
