Archive member included to satisfy reference by file (symbol)

C:/stm32_enviroment/arm-gnu-toolchain-13.3.rel1-mingw-w64-i686-arm-none-eabi/bin/../lib/gcc/arm-none-eabi/13.3.1/thumb/v7e-m/nofp\libgcc.a(_aeabi_uldivmod.o)
                              CMakeFiles/Cyclone_V2.elf.dir/Drivers/STM32F4xx_HAL_Driver/Src/stm32f4xx_hal_rcc.c.obj (__aeabi_uldivmod)
C:/stm32_enviroment/arm-gnu-toolchain-13.3.rel1-mingw-w64-i686-arm-none-eabi/bin/../lib/gcc/arm-none-eabi/13.3.1/thumb/v7e-m/nofp\libgcc.a(_udivmoddi4.o)
                              C:/stm32_enviroment/arm-gnu-toolchain-13.3.rel1-mingw-w64-i686-arm-none-eabi/bin/../lib/gcc/arm-none-eabi/13.3.1/thumb/v7e-m/nofp\libgcc.a(_aeabi_uldivmod.o) (__udivmoddi4)
C:/stm32_enviroment/arm-gnu-toolchain-13.3.rel1-mingw-w64-i686-arm-none-eabi/bin/../lib/gcc/arm-none-eabi/13.3.1/thumb/v7e-m/nofp\libgcc.a(_dvmd_tls.o)
                              C:/stm32_enviroment/arm-gnu-toolchain-13.3.rel1-mingw-w64-i686-arm-none-eabi/bin/../lib/gcc/arm-none-eabi/13.3.1/thumb/v7e-m/nofp\libgcc.a(_aeabi_uldivmod.o) (__aeabi_ldiv0)
C:/stm32_enviroment/arm-gnu-toolchain-13.3.rel1-mingw-w64-i686-arm-none-eabi/bin/../lib/gcc/arm-none-eabi/13.3.1/thumb/v7e-m/nofp\libg.a(libc_a-exit.o)
                              C:/stm32_enviroment/arm-gnu-toolchain-13.3.rel1-mingw-w64-i686-arm-none-eabi/bin/../lib/gcc/arm-none-eabi/13.3.1/thumb/v7e-m/nofp/crt0.o (exit)
C:/stm32_enviroment/arm-gnu-toolchain-13.3.rel1-mingw-w64-i686-arm-none-eabi/bin/../lib/gcc/arm-none-eabi/13.3.1/thumb/v7e-m/nofp\libg.a(libc_a-findfp.o)
                              C:/stm32_enviroment/arm-gnu-toolchain-13.3.rel1-mingw-w64-i686-arm-none-eabi/bin/../lib/gcc/arm-none-eabi/13.3.1/thumb/v7e-m/nofp\libg.a(libc_a-exit.o) (__stdio_exit_handler)
C:/stm32_enviroment/arm-gnu-toolchain-13.3.rel1-mingw-w64-i686-arm-none-eabi/bin/../lib/gcc/arm-none-eabi/13.3.1/thumb/v7e-m/nofp\libg.a(libc_a-fwalk.o)
                              C:/stm32_enviroment/arm-gnu-toolchain-13.3.rel1-mingw-w64-i686-arm-none-eabi/bin/../lib/gcc/arm-none-eabi/13.3.1/thumb/v7e-m/nofp\libg.a(libc_a-findfp.o) (_fwalk_sglue)
C:/stm32_enviroment/arm-gnu-toolchain-13.3.rel1-mingw-w64-i686-arm-none-eabi/bin/../lib/gcc/arm-none-eabi/13.3.1/thumb/v7e-m/nofp\libg.a(libc_a-stdio.o)
                              C:/stm32_enviroment/arm-gnu-toolchain-13.3.rel1-mingw-w64-i686-arm-none-eabi/bin/../lib/gcc/arm-none-eabi/13.3.1/thumb/v7e-m/nofp\libg.a(libc_a-findfp.o) (__sread)
C:/stm32_enviroment/arm-gnu-toolchain-13.3.rel1-mingw-w64-i686-arm-none-eabi/bin/../lib/gcc/arm-none-eabi/13.3.1/thumb/v7e-m/nofp\libg.a(libc_a-memset.o)
                              C:/stm32_enviroment/arm-gnu-toolchain-13.3.rel1-mingw-w64-i686-arm-none-eabi/bin/../lib/gcc/arm-none-eabi/13.3.1/thumb/v7e-m/nofp/crt0.o (memset)
C:/stm32_enviroment/arm-gnu-toolchain-13.3.rel1-mingw-w64-i686-arm-none-eabi/bin/../lib/gcc/arm-none-eabi/13.3.1/thumb/v7e-m/nofp\libg.a(libc_a-closer.o)
                              C:/stm32_enviroment/arm-gnu-toolchain-13.3.rel1-mingw-w64-i686-arm-none-eabi/bin/../lib/gcc/arm-none-eabi/13.3.1/thumb/v7e-m/nofp\libg.a(libc_a-stdio.o) (_close_r)
C:/stm32_enviroment/arm-gnu-toolchain-13.3.rel1-mingw-w64-i686-arm-none-eabi/bin/../lib/gcc/arm-none-eabi/13.3.1/thumb/v7e-m/nofp\libg.a(libc_a-reent.o)
                              C:/stm32_enviroment/arm-gnu-toolchain-13.3.rel1-mingw-w64-i686-arm-none-eabi/bin/../lib/gcc/arm-none-eabi/13.3.1/thumb/v7e-m/nofp\libg.a(libc_a-closer.o) (errno)
C:/stm32_enviroment/arm-gnu-toolchain-13.3.rel1-mingw-w64-i686-arm-none-eabi/bin/../lib/gcc/arm-none-eabi/13.3.1/thumb/v7e-m/nofp\libg.a(libc_a-impure.o)
                              C:/stm32_enviroment/arm-gnu-toolchain-13.3.rel1-mingw-w64-i686-arm-none-eabi/bin/../lib/gcc/arm-none-eabi/13.3.1/thumb/v7e-m/nofp\libg.a(libc_a-reent.o) (_impure_ptr)
C:/stm32_enviroment/arm-gnu-toolchain-13.3.rel1-mingw-w64-i686-arm-none-eabi/bin/../lib/gcc/arm-none-eabi/13.3.1/thumb/v7e-m/nofp\libg.a(libc_a-lseekr.o)
                              C:/stm32_enviroment/arm-gnu-toolchain-13.3.rel1-mingw-w64-i686-arm-none-eabi/bin/../lib/gcc/arm-none-eabi/13.3.1/thumb/v7e-m/nofp\libg.a(libc_a-stdio.o) (_lseek_r)
C:/stm32_enviroment/arm-gnu-toolchain-13.3.rel1-mingw-w64-i686-arm-none-eabi/bin/../lib/gcc/arm-none-eabi/13.3.1/thumb/v7e-m/nofp\libg.a(libc_a-readr.o)
                              C:/stm32_enviroment/arm-gnu-toolchain-13.3.rel1-mingw-w64-i686-arm-none-eabi/bin/../lib/gcc/arm-none-eabi/13.3.1/thumb/v7e-m/nofp\libg.a(libc_a-stdio.o) (_read_r)
C:/stm32_enviroment/arm-gnu-toolchain-13.3.rel1-mingw-w64-i686-arm-none-eabi/bin/../lib/gcc/arm-none-eabi/13.3.1/thumb/v7e-m/nofp\libg.a(libc_a-writer.o)
                              C:/stm32_enviroment/arm-gnu-toolchain-13.3.rel1-mingw-w64-i686-arm-none-eabi/bin/../lib/gcc/arm-none-eabi/13.3.1/thumb/v7e-m/nofp\libg.a(libc_a-stdio.o) (_write_r)
[...]
Memory Configuration

Name             Origin             Length             Attributes
RAM              0x20000000         0x00020000         xrw
FLASH            0x08000000         0x00080000         xr
*default*        0x00000000         0xffffffff

Linker script and memory map

LOAD C:/stm32_enviroment/arm-gnu-toolchain-13.3.rel1-mingw-w64-i686-arm-none-eabi/bin/../lib/gcc/arm-none-eabi/13.3.1/thumb/v7e-m/nofp/crti.o
LOAD C:/stm32_enviroment/arm-gnu-toolchain-13.3.rel1-mingw-w64-i686-arm-none-eabi/bin/../lib/gcc/arm-none-eabi/13.3.1/thumb/v7e-m/nofp/crtbegin.o
LOAD C:/stm32_enviroment/arm-gnu-toolchain-13.3.rel1-mingw-w64-i686-arm-none-eabi/bin/../lib/gcc/arm-none-eabi/13.3.1/thumb/v7e-m/nofp/crt0.o
LOAD CMakeFiles/Cyclone_V2.elf.dir/Core/Src/gpio.c.obj
LOAD CMakeFiles/Cyclone_V2.elf.dir/Core/Src/main.c.obj
LOAD CMakeFiles/Cyclone_V2.elf.dir/Core/Src/stm32f4xx_hal_msp.c.obj
LOAD CMakeFiles/Cyclone_V2.elf.dir/Core/Src/stm32f4xx_it.c.obj
LOAD CMakeFiles/Cyclone_V2.elf.dir/Core/Src/syscalls.c.obj
LOAD CMakeFiles/Cyclone_V2.elf.dir/Core/Src/sysmem.c.obj
LOAD CMakeFiles/Cyclone_V2.elf.dir/Core/Src/system_stm32f4xx.c.obj
LOAD CMakeFiles/Cyclone_V2.elf.dir/Core/Src/usart.c.obj
LOAD CMakeFiles/Cyclone_V2.elf.dir/Core/Startup/startup_stm32f411ceux.s.obj
LOAD CMakeFiles/Cyclone_V2.elf.dir/Drivers/STM32F4xx_HAL_Driver/Src/stm32f4xx_hal.c.obj
LOAD CMakeFiles/Cyclone_V2.elf.dir/Drivers/STM32F4xx_HAL_Driver/Src/stm32f4xx_hal_cortex.c.obj
LOAD CMakeFiles/Cyclone_V2.elf.dir/Drivers/STM32F4xx_HAL_Driver/Src/stm32f4xx_hal_dma.c.obj
LOAD CMakeFiles/Cyclone_V2.elf.dir/Drivers/STM32F4xx_HAL_Driver/Src/stm32f4xx_hal_dma_ex.c.obj
LOAD CMakeFiles/Cyclone_V2.elf.dir/Drivers/STM32F4xx_HAL_Driver/Src/stm32f4xx_hal_exti.c.obj
LOAD CMakeFiles/Cyclone_V2.elf.dir/Drivers/STM32F4xx_HAL_Driver/Src/stm32f4xx_hal_flash.c.obj
LOAD CMakeFiles/Cyclone_V2.elf.dir/Drivers/STM32F4xx_HAL_Driver/Src/stm32f4xx_hal_flash_ex.c.obj
LOAD CMakeFiles/Cyclone_V2.elf.dir/Drivers/STM32F4xx_HAL_Driver/Src/stm32f4xx_hal_flash_ramfunc.c.obj
LOAD CMakeFiles/Cyclone_V2.elf.dir/Drivers/STM32F4xx_HAL_Driver/Src/stm32f4xx_hal_gpio.c.obj
LOAD CMakeFiles/Cyclone_V2.elf.dir/Drivers/STM32F4xx_HAL_Driver/Src/stm32f4xx_hal_pwr.c.obj
LOAD CMakeFiles/Cyclone_V2.elf.dir/Drivers/STM32F4xx_HAL_Driver/Src/stm32f4xx_hal_pwr_ex.c.obj
LOAD CMakeFiles/Cyclone_V2.elf.dir/Drivers/STM32F4xx_HAL_Driver/Src/stm32f4xx_hal_rcc.c.obj
LOAD CMakeFiles/Cyclone_V2.elf.dir/Drivers/STM32F4xx_HAL_Driver/Src/stm32f4xx_hal_rcc_ex.c.obj
LOAD CMakeFiles/Cyclone_V2.elf.dir/Drivers/STM32F4xx_HAL_Driver/Src/stm32f4xx_hal_tim.c.obj
LOAD CMakeFiles/Cyclone_V2.elf.dir/Drivers/STM32F4xx_HAL_Driver/Src/stm32f4xx_hal_tim_ex.c.obj
LOAD CMakeFiles/Cyclone_V2.elf.dir/Drivers/STM32F4xx_HAL_Driver/Src/stm32f4xx_hal_uart.c.obj
START GROUP
LOAD C:/stm32_enviroment/arm-gnu-toolchain-13.3.rel1-mingw-w64-i686-arm-none-eabi/bin/../lib/gcc/arm-none-eabi/13.3.1/thumb/v7e-m/nofp\libgcc.a
LOAD C:/stm32_enviroment/arm-gnu-toolchain-13.3.rel1-mingw-w64-i686-arm-none-eabi/bin/../lib/gcc/arm-none-eabi/13.3.1/thumb/v7e-m/nofp\libg.a
LOAD C:/stm32_enviroment/arm-gnu-toolchain-13.3.rel1-mingw-w64-i686-arm-none-eabi/bin/../lib/gcc/arm-none-eabi/13.3.1/thumb/v7e-m/nofp\libc.a
END GROUP
LOAD C:/stm32_enviroment/arm-gnu-toolchain-13.3.rel1-mingw-w64-i686-arm-none-eabi/bin/../lib/gcc/arm-none-eabi/13.3.1/thumb/v7e-m/nofp/crtend.o
LOAD C:/stm32_enviroment/arm-gnu-toolchain-13.3.rel1-mingw-w64-i686-arm-none-eabi/bin/../lib/gcc/arm-none-eabi/13.3.1/thumb/v7e-m/nofp/crtn.o
                0x20020000                        _estack = (ORIGIN (RAM) + LENGTH (RAM))
                0x00000200                        _Min_Heap_Size = 0x200
                0x00000400                        _Min_Stack_Size = 0x400

.isr_vector     0x08000000      0x198
                0x08000000                        . = ALIGN (0x4)
 *(.isr_vector)
 .isr_vector    0x08000000      0x198 CMakeFiles/Cyclone_V2.elf.dir/Core/Startup/startup_stm32f411ceux.s.obj
                0x08000000                g_pfnVectors
                0x08000198                        . = ALIGN (0x4)

.text           0x08000198     0x1838
                0x08000198                        . = ALIGN (0x4)
 *(.text)
 .text          0x08000198       0x30 C:/stm32_enviroment/arm-gnu-toolchain-13.3.rel1-mingw-w64-i686-arm-none-eabi/bin/../lib/gcc/arm-none-eabi/13.3.1/thumb/v7e-m/nofp\libgcc.a(_aeabi_uldivmod.o)
                0x08000198                __aeabi_uldivmod
 .text          0x080001c8        0x4 C:/stm32_enviroment/arm-gnu-toolchain-13.3.rel1-mingw-w64-i686-arm-none-eabi/bin/../lib/gcc/arm-none-eabi/13.3.1/thumb/v7e-m/nofp\libgcc.a(_dvmd_tls.o)
                0x080001c8                __aeabi_idiv0
                0x080001c8                __aeabi_ldiv0
 *(.text*)
 .text.deregister_tm_clones
                0x080001cc       0x1c C:/stm32_enviroment/arm-gnu-toolchain-13.3.rel1-mingw-w64-i686-arm-none-eabi/bin/../lib/gcc/arm-none-eabi/13.3.1/thumb/v7e-m/nofp/crtbegin.o
 .text.register_tm_clones
                0x080001e8       0x24 C:/stm32_enviroment/arm-gnu-toolchain-13.3.rel1-mingw-w64-i686-arm-none-eabi/bin/../lib/gcc/arm-none-eabi/13.3.1/thumb/v7e-m/nofp/crtbegin.o
 .text.__do_global_dtors_aux
                0x0800020c       0x28 C:/stm32_enviroment/arm-gnu-toolchain-13.3.rel1-mingw-w64-i686-arm-none-eabi/bin/../lib/gcc/arm-none-eabi/13.3.1/thumb/v7e-m/nofp/crtbegin.o
 .text.frame_dummy
                0x08000234       0x24 C:/stm32_enviroment/arm-gnu-toolchain-13.3.rel1-mingw-w64-i686-arm-none-eabi/bin/../lib/gcc/arm-none-eabi/13.3.1/thumb/v7e-m/nofp/crtbegin.o
 .text.MX_GPIO_Init
                0x08000258       0x4c CMakeFiles/Cyclone_V2.elf.dir/Core/Src/gpio.c.obj
                0x08000258                MX_GPIO_Init
 .text.Error_Handler
                0x080002a4        0x4 CMakeFiles/Cyclone_V2.elf.dir/Core/Src/main.c.obj
                0x080002a4                Error_Handler
 .text.SystemClock_Config
                0x080002a8       0xa0 CMakeFiles/Cyclone_V2.elf.dir/Core/Src/main.c.obj
                0x080002a8                SystemClock_Config
 .text.main     0x08000348       0x14 CMakeFiles/Cyclone_V2.elf.dir/Core/Src/main.c.obj
                0x08000348                main
 .text.HAL_MspInit
                0x0800035c       0x38 CMakeFiles/Cyclone_V2.elf.dir/Core/Src/stm32f4xx_hal_msp.c.obj
                0x0800035c                HAL_MspInit
 .text.NMI_Handler
                0x08000394        0x2 CMakeFiles/Cyclone_V2.elf.dir/Core/Src/stm32f4xx_it.c.obj
                0x08000394                NMI_Handler
 .text.HardFault_Handler
                0x08000396        0x2 CMakeFiles/Cyclone_V2.elf.dir/Core/Src/stm32f4xx_it.c.obj
                0x08000396                HardFault_Handler
 .text.MemManage_Handler
                0x08000398        0x2 CMakeFiles/Cyclone_V2.elf.dir/Core/Src/stm32f4xx_it.c.obj
                0x08000398                MemManage_Handler
 .text.BusFault_Handler
                0x0800039a        0x2 CMakeFiles/Cyclone_V2.elf.dir/Core/Src/stm32f4xx_it.c.obj
                0x0800039a                BusFault_Handler
 .text.UsageFault_Handler
                0x0800039c        0x2 CMakeFiles/Cyclone_V2.elf.dir/Core/Src/stm32f4xx_it.c.obj
                0x0800039c                UsageFault_Handler
 .text.SVC_Handler
                0x0800039e        0x2 CMakeFiles/Cyclone_V2.elf.dir/Core/Src/stm32f4xx_it.c.obj
                0x0800039e                SVC_Handler
 .text.DebugMon_Handler
                0x080003a0        0x2 CMakeFiles/Cyclone_V2.elf.dir/Core/Src/stm32f4xx_it.c.obj
                0x080003a0                DebugMon_Handler
 .text.PendSV_Handler
                0x080003a2        0x2 CMakeFiles/Cyclone_V2.elf.dir/Core/Src/stm32f4xx_it.c.obj
                0x080003a2                PendSV_Handler
 .text.SysTick_Handler
                0x080003a4        0x8 CMakeFiles/Cyclone_V2.elf.dir/Core/Src/stm32f4xx_it.c.obj
                0x080003a4                SysTick_Handler
 .text.USART1_IRQHandler
                0x080003ac       0x10 CMakeFiles/Cyclone_V2.elf.dir/Core/Src/stm32f4xx_it.c.obj
                0x080003ac                USART1_IRQHandler
 .text.SystemInit
                0x080003bc        0x2 CMakeFiles/Cyclone_V2.elf.dir/Core/Src/system_stm32f4xx.c.obj
                0x080003bc                SystemInit
 *fill*         0x080003be        0x2 
 .text.MX_USART1_UART_Init
                0x080003c0       0x34 CMakeFiles/Cyclone_V2.elf.dir/Core/Src/usart.c.obj
                0x080003c0                MX_USART1_UART_Init
 .text.HAL_UART_MspInit
                0x080003f4       0x80 CMakeFiles/Cyclone_V2.elf.dir/Core/Src/usart.c.obj
                0x080003f4                HAL_UART_MspInit
 .text.Reset_Handler
                0x08000474       0x50 CMakeFiles/Cyclone_V2.elf.dir/Core/Startup/startup_stm32f411ceux.s.obj
                0x08000474                Reset_Handler
 .text.Default_Handler
                0x080004c4        0x2 CMakeFiles/Cyclone_V2.elf.dir/Core/Startup/startup_stm32f411ceux.s.obj
                0x080004c4                RTC_Alarm_IRQHandler
                0x080004c4                EXTI2_IRQHandler
                0x080004c4                SPI4_IRQHandler
                0x080004c4                TIM1_CC_IRQHandler
                0x080004c4                DMA2_Stream5_IRQHandler
                0x080004c4                DMA1_Stream5_IRQHandler
                0x080004c4                PVD_IRQHandler
                0x080004c4                SDIO_IRQHandler
                0x080004c4                TAMP_STAMP_IRQHandler
                0x080004c4                EXTI3_IRQHandler
                0x080004c4                TIM1_UP_TIM10_IRQHandler
                0x080004c4                I2C3_ER_IRQHandler
                0x080004c4                EXTI0_IRQHandler
                0x080004c4                I2C2_EV_IRQHandler
                0x080004c4                DMA1_Stream2_IRQHandler
                0x080004c4                FPU_IRQHandler
                0x080004c4                DMA2_Stream2_IRQHandler
                0x080004c4                SPI1_IRQHandler
                0x080004c4                TIM1_BRK_TIM9_IRQHandler
                0x080004c4                DMA2_Stream3_IRQHandler
                0x080004c4                USART6_IRQHandler
                0x080004c4                DMA2_Stream0_IRQHandler
                0x080004c4                TIM4_IRQHandler
                0x080004c4                I2C1_EV_IRQHandler
                0x080004c4                DMA1_Stream6_IRQHandler
                0x080004c4                DMA1_Stream1_IRQHandler
                0x080004c4                TIM3_IRQHandler
                0x080004c4                RCC_IRQHandler
                0x080004c4                Default_Handler
                0x080004c4                EXTI15_10_IRQHandler
                0x080004c4                ADC_IRQHandler
                0x080004c4                DMA1_Stream7_IRQHandler
                0x080004c4                SPI5_IRQHandler
                0x080004c4                TIM5_IRQHandler
                0x080004c4                DMA2_Stream7_IRQHandler
                0x080004c4                I2C3_EV_IRQHandler
                0x080004c4                EXTI9_5_IRQHandler
                0x080004c4                RTC_WKUP_IRQHandler
                0x080004c4                SPI2_IRQHandler
                0x080004c4                DMA1_Stream0_IRQHandler
                0x080004c4                EXTI4_IRQHandler
                0x080004c4                WWDG_IRQHandler
                0x080004c4                TIM2_IRQHandler
                0x080004c4                OTG_FS_WKUP_IRQHandler
                0x080004c4                TIM1_TRG_COM_TIM11_IRQHandler
                0x080004c4                EXTI1_IRQHandler
                0x080004c4                USART2_IRQHandler
                0x080004c4                I2C2_ER_IRQHandler
                0x080004c4                DMA2_Stream1_IRQHandler
                0x080004c4                FLASH_IRQHandler
                0x080004c4                DMA2_Stream4_IRQHandler
                0x080004c4                OTG_FS_IRQHandler
                0x080004c4                SPI3_IRQHandler
                0x080004c4                DMA1_Stream4_IRQHandler
                0x080004c4                I2C1_ER_IRQHandler
                0x080004c4                DMA2_Stream6_IRQHandler
                0x080004c4                DMA1_Stream3_IRQHandler
 *fill*         0x080004c6        0x2 
 .text.HAL_InitTick
                0x080004c8       0x4c CMakeFiles/Cyclone_V2.elf.dir/Drivers/STM32F4xx_HAL_Driver/Src/stm32f4xx_hal.c.obj
                0x080004c8                HAL_InitTick
 .text.HAL_Init
                0x08000514       0x34 CMakeFiles/Cyclone_V2.elf.dir/Drivers/STM32F4xx_HAL_Driver/Src/stm32f4xx_hal.c.obj
                0x08000514                HAL_Init
 .text.HAL_IncTick
                0x08000548       0x18 CMakeFiles/Cyclone_V2.elf.dir/Drivers/STM32F4xx_HAL_Driver/Src/stm32f4xx_hal.c.obj
                0x08000548                HAL_IncTick
 .text.HAL_GetTick
                0x08000560        0xc CMakeFiles/Cyclone_V2.elf.dir/Drivers/STM32F4xx_HAL_Driver/Src/stm32f4xx_hal.c.obj
                0x08000560                HAL_GetTick
 .text.__NVIC_EnableIRQ
                0x0800056c       0x1c CMakeFiles/Cyclone_V2.elf.dir/Drivers/STM32F4xx_HAL_Driver/Src/stm32f4xx_hal_cortex.c.obj
 .text.__NVIC_SetPriority
                0x08000588       0x28 CMakeFiles/Cyclone_V2.elf.dir/Drivers/STM32F4xx_HAL_Driver/Src/stm32f4xx_hal_cortex.c.obj
 .text.NVIC_EncodePriority
                0x080005b0       0x3e CMakeFiles/Cyclone_V2.elf.dir/Drivers/STM32F4xx_HAL_Driver/Src/stm32f4xx_hal_cortex.c.obj
 *fill*         0x080005ee        0x2 
 .text.HAL_NVIC_SetPriorityGrouping
                0x080005f0       0x24 CMakeFiles/Cyclone_V2.elf.dir/Drivers/STM32F4xx_HAL_Driver/Src/stm32f4xx_hal_cortex.c.obj
                0x080005f0                HAL_NVIC_SetPriorityGrouping
 .text.HAL_NVIC_SetPriority
                0x08000614       0x20 CMakeFiles/Cyclone_V2.elf.dir/Drivers/STM32F4xx_HAL_Driver/Src/stm32f4xx_hal_cortex.c.obj
                0x08000614                HAL_NVIC_SetPriority
 .text.HAL_NVIC_EnableIRQ
                0x08000634        0x8 CMakeFiles/Cyclone_V2.elf.dir/Drivers/STM32F4xx_HAL_Driver/Src/stm32f4xx_hal_cortex.c.obj
                0x08000634                HAL_NVIC_EnableIRQ
 .text.HAL_SYSTICK_Config
                0x0800063c       0x28 CMakeFiles/Cyclone_V2.elf.dir/Drivers/STM32F4xx_HAL_Driver/Src/stm32f4xx_hal_cortex.c.obj
                0x0800063c                HAL_SYSTICK_Config
 .text.HAL_DMA_Abort
                0x08000664       0x94 CMakeFiles/Cyclone_V2.elf.dir/Drivers/STM32F4xx_HAL_Driver/Src/stm32f4xx_hal_dma.c.obj
                0x08000664                HAL_DMA_Abort
 .text.HAL_DMA_Abort_IT
                0x080006f8       0x26 CMakeFiles/Cyclone_V2.elf.dir/Drivers/STM32F4xx_HAL_Driver/Src/stm32f4xx_hal_dma.c.obj
                0x080006f8                HAL_DMA_Abort_IT
 *fill*         0x0800071e        0x2 
 .text.HAL_GPIO_Init
                0x08000720      0x1d0 CMakeFiles/Cyclone_V2.elf.dir/Drivers/STM32F4xx_HAL_Driver/Src/stm32f4xx_hal_gpio.c.obj
                0x08000720                HAL_GPIO_Init
 .text.HAL_RCC_OscConfig
                0x080008f0      0x3f8 CMakeFiles/Cyclone_V2.elf.dir/Drivers/STM32F4xx_HAL_Driver/Src/stm32f4xx_hal_rcc.c.obj
                0x080008f0                HAL_RCC_OscConfig
 .text.HAL_RCC_GetSysClockFreq
                0x08000ce8       0xdc CMakeFiles/Cyclone_V2.elf.dir/Drivers/STM32F4xx_HAL_Driver/Src/stm32f4xx_hal_rcc.c.obj
                0x08000ce8                HAL_RCC_GetSysClockFreq
 .text.HAL_RCC_ClockConfig
                0x08000dc4      0x160 CMakeFiles/Cyclone_V2.elf.dir/Drivers/STM32F4xx_HAL_Driver/Src/stm32f4xx_hal_rcc.c.obj
                0x08000dc4                HAL_RCC_ClockConfig
 .text.HAL_RCC_GetHCLKFreq
                0x08000f24        0xc CMakeFiles/Cyclone_V2.elf.dir/Drivers/STM32F4xx_HAL_Driver/Src/stm32f4xx_hal_rcc.c.obj
                0x08000f24                HAL_RCC_GetHCLKFreq
 .text.HAL_RCC_GetPCLK1Freq
                0x08000f30       0x20 CMakeFiles/Cyclone_V2.elf.dir/Drivers/STM32F4xx_HAL_Driver/Src/stm32f4xx_hal_rcc.c.obj
                0x08000f30                HAL_RCC_GetPCLK1Freq
 .text.HAL_RCC_GetPCLK2Freq
                0x08000f50       0x20 CMakeFiles/Cyclone_V2.elf.dir/Drivers/STM32F4xx_HAL_Driver/Src/stm32f4xx_hal_rcc.c.obj
                0x08000f50                HAL_RCC_GetPCLK2Freq
 .text.UART_EndRxTransfer
                0x08000f70       0x5c CMakeFiles/Cyclone_V2.elf.dir/Drivers/STM32F4xx_HAL_Driver/Src/stm32f4xx_hal_uart.c.obj
 .text.UART_Transmit_IT
                0x08000fcc       0x60 CMakeFiles/Cyclone_V2.elf.dir/Drivers/STM32F4xx_HAL_Driver/Src/stm32f4xx_hal_uart.c.obj
 .text.UART_SetConfig
                0x0800102c      0x110 CMakeFiles/Cyclone_V2.elf.dir/Drivers/STM32F4xx_HAL_Driver/Src/stm32f4xx_hal_uart.c.obj
 .text.HAL_UART_Init
                0x0800113c       0x60 CMakeFiles/Cyclone_V2.elf.dir/Drivers/STM32F4xx_HAL_Driver/Src/stm32f4xx_hal_uart.c.obj
                0x0800113c                HAL_UART_Init
 .text.HAL_UART_TxCpltCallback
                0x0800119c        0x2 CMakeFiles/Cyclone_V2.elf.dir/Drivers/STM32F4xx_HAL_Driver/Src/stm32f4xx_hal_uart.c.obj
                0x0800119c                HAL_UART_TxCpltCallback
 .text.UART_EndTransmit_IT
                0x0800119e       0x1a CMakeFiles/Cyclone_V2.elf.dir/Drivers/STM32F4xx_HAL_Driver/Src/stm32f4xx_hal_uart.c.obj
 .text.HAL_UART_RxCpltCallback
                0x080011b8        0x2 CMakeFiles/Cyclone_V2.elf.dir/Drivers/STM32F4xx_HAL_Driver/Src/stm32f4xx_hal_uart.c.obj
                0x080011b8                HAL_UART_RxCpltCallback
 .text.HAL_UART_ErrorCallback
                0x080011ba        0x2 CMakeFiles/Cyclone_V2.elf.dir/Drivers/STM32F4xx_HAL_Driver/Src/stm32f4xx_hal_uart.c.obj
                0x080011ba                HAL_UART_ErrorCallback
 .text.UART_DMAAbortOnError
                0x080011bc       0x10 CMakeFiles/Cyclone_V2.elf.dir/Drivers/STM32F4xx_HAL_Driver/Src/stm32f4xx_hal_uart.c.obj
 .text.HAL_UARTEx_RxEventCallback
                0x080011cc        0x2 CMakeFiles/Cyclone_V2.elf.dir/Drivers/STM32F4xx_HAL_Driver/Src/stm32f4xx_hal_uart.c.obj
                0x080011cc                HAL_UARTEx_RxEventCallback
 .text.UART_Receive_IT
                0x080011ce       0xe6 CMakeFiles/Cyclone_V2.elf.dir/Drivers/STM32F4xx_HAL_Driver/Src/stm32f4xx_hal_uart.c.obj
 .text.HAL_UART_IRQHandler
                0x080012b4      0x284 CMakeFiles/Cyclone_V2.elf.dir/Drivers/STM32F4xx_HAL_Driver/Src/stm32f4xx_hal_uart.c.obj
                0x080012b4                HAL_UART_IRQHandler
 .text.__udivmoddi4
                0x08001538      0x2bc C:/stm32_enviroment/arm-gnu-toolchain-13.3.rel1-mingw-w64-i686-arm-none-eabi/bin/../lib/gcc/arm-none-eabi/13.3.1/thumb/v7e-m/nofp\libgcc.a(_udivmoddi4.o)
                0x08001538                __udivmoddi4
 .text.memset   0x080017f4       0xa4 C:/stm32_enviroment/arm-gnu-toolchain-13.3.rel1-mingw-w64-i686-arm-none-eabi/bin/../lib/gcc/arm-none-eabi/13.3.1/thumb/v7e-m/nofp\libg.a(libc_a-memset.o)
                0x080017f4                memset
 .text.__libc_init_array
                0x08001898       0x50 C:/stm32_enviroment/arm-gnu-toolchain-13.3.rel1-mingw-w64-i686-arm-none-eabi/bin/../lib/gcc/arm-none-eabi/13.3.1/thumb/v7e-m/nofp\libg.a(libc_a-init.o)
                0x08001898                __libc_init_array
 .text.__retarget_lock_acquire_recursive
                0x080018e8        0x4 C:/stm32_enviroment/arm-gnu-toolchain-13.3.rel1-mingw-w64-i686-arm-none-eabi/bin/../lib/gcc/arm-none-eabi/13.3.1/thumb/v7e-m/nofp\libg.a(libc_a-lock.o)
                0x080018e8                __retarget_lock_acquire_recursive
 .text.__retarget_lock_release_recursive
                0x080018ec        0x4 C:/stm32_enviroment/arm-gnu-toolchain-13.3.rel1-mingw-w64-i686-arm-none-eabi/bin/../lib/gcc/arm-none-eabi/13.3.1/thumb/v7e-m/nofp\libg.a(libc_a-lock.o)
                0x080018ec                __retarget_lock_release_recursive
 .text.startup.register_fini
                0x080018f0       0x14 C:/stm32_enviroment/arm-gnu-toolchain-13.3.rel1-mingw-w64-i686-arm-none-eabi/bin/../lib/gcc/arm-none-eabi/13.3.1/thumb/v7e-m/nofp\libg.a(libc_a-__call_atexit.o)
 .text.atexit   0x08001904        0xc C:/stm32_enviroment/arm-gnu-toolchain-13.3.rel1-mingw-w64-i686-arm-none-eabi/bin/../lib/gcc/arm-none-eabi/13.3.1/thumb/v7e-m/nofp\libg.a(libc_a-atexit.o)
                0x08001904                atexit
 .text.__libc_fini_array
                0x08001910       0x28 C:/stm32_enviroment/arm-gnu-toolchain-13.3.rel1-mingw-w64-i686-arm-none-eabi/bin/../lib/gcc/arm-none-eabi/13.3.1/thumb/v7e-m/nofp\libg.a(libc_a-fini.o)
                0x08001910                __libc_fini_array
 .text.__register_exitproc
                0x08001938       0x80 C:/stm32_enviroment/arm-gnu-toolchain-13.3.rel1-mingw-w64-i686-arm-none-eabi/bin/../lib/gcc/arm-none-eabi/13.3.1/thumb/v7e-m/nofp\libg.a(libc_a-__atexit.o)
                0x08001938                __register_exitproc
 *(.glue_7)
 .glue_7        0x080019b8        0x0 linker stubs
 *(.glue_7t)
 .glue_7t       0x080019b8        0x0 linker stubs
 *(.eh_frame)
 .eh_frame      0x080019b8        0x0 C:/stm32_enviroment/arm-gnu-toolchain-13.3.rel1-mingw-w64-i686-arm-none-eabi/bin/../lib/gcc/arm-none-eabi/13.3.1/thumb/v7e-m/nofp/crtbegin.o
 *(.init)
 .init          0x080019b8        0x4 C:/stm32_enviroment/arm-gnu-toolchain-13.3.rel1-mingw-w64-i686-arm-none-eabi/bin/../lib/gcc/arm-none-eabi/13.3.1/thumb/v7e-m/nofp/crti.o
                0x080019b8                _init
 .init          0x080019bc        0x8 C:/stm32_enviroment/arm-gnu-toolchain-13.3.rel1-mingw-w64-i686-arm-none-eabi/bin/../lib/gcc/arm-none-eabi/13.3.1/thumb/v7e-m/nofp/crtn.o
 *(.fini)
 .fini          0x080019c4        0x4 C:/stm32_enviroment/arm-gnu-toolchain-13.3.rel1-mingw-w64-i686-arm-none-eabi/bin/../lib/gcc/arm-none-eabi/13.3.1/thumb/v7e-m/nofp/crti.o
                0x080019c4                _fini
 .fini          0x080019c8        0x8 C:/stm32_enviroment/arm-gnu-toolchain-13.3.rel1-mingw-w64-i686-arm-none-eabi/bin/../lib/gcc/arm-none-eabi/13.3.1/thumb/v7e-m/nofp/crtn.o
                0x080019d0                        . = ALIGN (0x4)
                0x080019d0                        _etext = .

.vfp11_veneer   0x080019d0        0x0
 .vfp11_veneer  0x080019d0        0x0 linker stubs

.v4_bx          0x080019d0        0x0
 .v4_bx         0x080019d0        0x0 linker stubs

.iplt           0x080019d0        0x0
 .iplt          0x080019d0        0x0 C:/stm32_enviroment/arm-gnu-toolchain-13.3.rel1-mingw-w64-i686-arm-none-eabi/bin/../lib/gcc/arm-none-eabi/13.3.1/thumb/v7e-m/nofp/crtbegin.o

.rodata         0x080019d0       0x18
                0x080019d0                        . = ALIGN (0x4)
 *(.rodata)
 *(.rodata*)
 .rodata.APBPrescTable
                0x080019d0        0x8 CMakeFiles/Cyclone_V2.elf.dir/Core/Src/system_stm32f4xx.c.obj
                0x080019d0                APBPrescTable
 .rodata.AHBPrescTable
                0x080019d8       0x10 CMakeFiles/Cyclone_V2.elf.dir/Core/Src/system_stm32f4xx.c.obj
                0x080019d8                AHBPrescTable
                0x080019e8                        . = ALIGN (0x4)

.ARM.extab      0x080019e8        0x0
                0x080019e8                        . = ALIGN (0x4)
 *(.ARM.extab* .gnu.linkonce.armextab.*)
                0x080019e8                        . = ALIGN (0x4)

.ARM            0x080019e8        0x8
                0x080019e8                        . = ALIGN (0x4)
                0x080019e8                        __exidx_start = .
 *(.ARM.exidx*)
 .ARM.exidx.text.__udivmoddi4
                0x080019e8        0x8 C:/stm32_enviroment/arm-gnu-toolchain-13.3.rel1-mingw-w64-i686-arm-none-eabi/bin/../lib/gcc/arm-none-eabi/13.3.1/thumb/v7e-m/nofp\libgcc.a(_udivmoddi4.o)
                0x080019f0                        __exidx_end = .
                0x080019f0                        . = ALIGN (0x4)

.preinit_array  0x080019f0        0x0
                0x080019f0                        . = ALIGN (0x4)
                0x080019f0                        PROVIDE (__preinit_array_start = .)
 *(.preinit_array*)
                0x080019f0                        PROVIDE (__preinit_array_end = .)
                0x080019f0                        . = ALIGN (0x4)

.init_array     0x080019f0        0x8
                0x080019f0                        . = ALIGN (0x4)
                0x080019f0                        PROVIDE (__init_array_start = .)
 *(SORT_BY_NAME(.init_array.*))
 .init_array.00000
                0x080019f0        0x4 C:/stm32_enviroment/arm-gnu-toolchain-13.3.rel1-mingw-w64-i686-arm-none-eabi/bin/../lib/gcc/arm-none-eabi/13.3.1/thumb/v7e-m/nofp\libg.a(libc_a-__call_atexit.o)
 *(.init_array*)
 .init_array    0x080019f4        0x4 C:/stm32_enviroment/arm-gnu-toolchain-13.3.rel1-mingw-w64-i686-arm-none-eabi/bin/../lib/gcc/arm-none-eabi/13.3.1/thumb/v7e-m/nofp/crtbegin.o
                0x080019f8                        PROVIDE (__init_array_end = .)
                0x080019f8                        . = ALIGN (0x4)

.fini_array     0x080019f8        0x4
                0x080019f8                        . = ALIGN (0x4)
                0x080019f8                        PROVIDE (__fini_array_start = .)
 *(SORT_BY_NAME(.fini_array.*))
 *(.fini_array*)
 .fini_array    0x080019f8        0x4 C:/stm32_enviroment/arm-gnu-toolchain-13.3.rel1-mingw-w64-i686-arm-none-eabi/bin/../lib/gcc/arm-none-eabi/13.3.1/thumb/v7e-m/nofp/crtbegin.o
                0x080019fc                        PROVIDE (__fini_array_end = .)
                0x080019fc                        . = ALIGN (0x4)
                0x080019fc                        _sidata = LOADADDR (.data)

.rel.dyn        0x080019fc        0x0
 .rel.iplt      0x080019fc        0x0 C:/stm32_enviroment/arm-gnu-toolchain-13.3.rel1-mingw-w64-i686-arm-none-eabi/bin/../lib/gcc/arm-none-eabi/13.3.1/thumb/v7e-m/nofp/crtbegin.o

.data           0x20000000       0x10 load address 0x080019fc
                0x20000000                        . = ALIGN (0x4)
                0x20000000                        _sdata = .
 *(.data)
 *(.data*)
 .data.SystemCoreClock
                0x20000000        0x4 CMakeFiles/Cyclone_V2.elf.dir/Core/Src/system_stm32f4xx.c.obj
                0x20000000                SystemCoreClock
 .data.uwTickFreq
                0x20000004        0x1 CMakeFiles/Cyclone_V2.elf.dir/Drivers/STM32F4xx_HAL_Driver/Src/stm32f4xx_hal.c.obj
                0x20000004                uwTickFreq
 *fill*         0x20000005        0x3 
 .data.uwTickPrio
                0x20000008        0x4 CMakeFiles/Cyclone_V2.elf.dir/Drivers/STM32F4xx_HAL_Driver/Src/stm32f4xx_hal.c.obj
                0x20000008                uwTickPrio
 .data.__atexit_recursive_mutex
                0x2000000c        0x4 C:/stm32_enviroment/arm-gnu-toolchain-13.3.rel1-mingw-w64-i686-arm-none-eabi/bin/../lib/gcc/arm-none-eabi/13.3.1/thumb/v7e-m/nofp\libg.a(libc_a-__call_atexit.o)
                0x2000000c                __atexit_recursive_mutex
 *(.RamFunc)
 *(.RamFunc*)
                0x20000010                        . = ALIGN (0x4)
                0x20000010                        _edata = .

.tm_clone_table
                0x20000010        0x0 load address 0x08001a0c
 .tm_clone_table
                0x20000010        0x0 C:/stm32_enviroment/arm-gnu-toolchain-13.3.rel1-mingw-w64-i686-arm-none-eabi/bin/../lib/gcc/arm-none-eabi/13.3.1/thumb/v7e-m/nofp/crtbegin.o
 .tm_clone_table
                0x20000010        0x0 C:/stm32_enviroment/arm-gnu-toolchain-13.3.rel1-mingw-w64-i686-arm-none-eabi/bin/../lib/gcc/arm-none-eabi/13.3.1/thumb/v7e-m/nofp/crtend.o

.igot.plt       0x20000010        0x0 load address 0x08001a0c
 .igot.plt      0x20000010        0x0 C:/stm32_enviroment/arm-gnu-toolchain-13.3.rel1-mingw-w64-i686-arm-none-eabi/bin/../lib/gcc/arm-none-eabi/13.3.1/thumb/v7e-m/nofp/crtbegin.o
                0x20000010                        . = ALIGN (0x4)

.bss            0x20000010      0x200 load address 0x08001a0c
                0x20000010                        _sbss = .
                0x20000010                        __bss_start__ = _sbss
 *(.bss)
 *(.bss*)
 .bss.completed.1
                0x20000010        0x1 C:/stm32_enviroment/arm-gnu-toolchain-13.3.rel1-mingw-w64-i686-arm-none-eabi/bin/../lib/gcc/arm-none-eabi/13.3.1/thumb/v7e-m/nofp/crtbegin.o
 *fill*         0x20000011        0x3 
 .bss.object.0  0x20000014       0x18 C:/stm32_enviroment/arm-gnu-toolchain-13.3.rel1-mingw-w64-i686-arm-none-eabi/bin/../lib/gcc/arm-none-eabi/13.3.1/thumb/v7e-m/nofp/crtbegin.o
 .bss.huart1    0x2000002c       0x48 CMakeFiles/Cyclone_V2.elf.dir/Core/Src/usart.c.obj
                0x2000002c                huart1
 .bss.uwTick    0x20000074        0x4 CMakeFiles/Cyclone_V2.elf.dir/Drivers/STM32F4xx_HAL_Driver/Src/stm32f4xx_hal.c.obj
                0x20000074                uwTick
 .bss.__lock___atexit_recursive_mutex
                0x20000078        0x1 C:/stm32_enviroment/arm-gnu-toolchain-13.3.rel1-mingw-w64-i686-arm-none-eabi/bin/../lib/gcc/arm-none-eabi/13.3.1/thumb/v7e-m/nofp\libg.a(libc_a-lock.o)
                0x20000078                __lock___atexit_recursive_mutex
 *fill*         0x20000079        0x3 
 .bss.__atexit  0x2000007c        0x4 C:/stm32_enviroment/arm-gnu-toolchain-13.3.rel1-mingw-w64-i686-arm-none-eabi/bin/../lib/gcc/arm-none-eabi/13.3.1/thumb/v7e-m/nofp\libg.a(libc_a-__call_atexit.o)
                0x2000007c                __atexit
 .bss.__atexit0
                0x20000080      0x190 C:/stm32_enviroment/arm-gnu-toolchain-13.3.rel1-mingw-w64-i686-arm-none-eabi/bin/../lib/gcc/arm-none-eabi/13.3.1/thumb/v7e-m/nofp\libg.a(libc_a-__atexit.o)
                0x20000080                __atexit0
 *(COMMON)
                0x20000210                        . = ALIGN (0x4)
                0x20000210                        _ebss = .
                0x20000210                        __bss_end__ = _ebss

._user_heap_stack
                0x20000210      0x600 load address 0x08001a0c
                0x20000210                        . = ALIGN (0x8)
                [!provide]                        PROVIDE (end = .)
                0x20000210                        PROVIDE (_end = .)
                0x20000410                        . = (. + _Min_Heap_Size)
 *fill*         0x20000210      0x200 
                0x20000810                        . = (. + _Min_Stack_Size)
 *fill*         0x20000410      0x400 
                0x20000810                        . = ALIGN (0x8)

/DISCARD/
 libc.a(*)
 libm.a(*)
 libgcc.a(*)

.ARM.attributes
                0x00000000       0x2a
 *(.ARM.attributes)
 .ARM.attributes
                0x00000000       0x1e C:/stm32_enviroment/arm-gnu-toolchain-13.3.rel1-mingw-w64-i686-arm-none-eabi/bin/../lib/gcc/arm-none-eabi/13.3.1/thumb/v7e-m/nofp/crti.o
 .ARM.attributes
                0x0000001e       0x2e C:/stm32_enviroment/arm-gnu-toolchain-13.3.rel1-mingw-w64-i686-arm-none-eabi/bin/../lib/gcc/arm-none-eabi/13.3.1/thumb/v7e-m/nofp/crtbegin.o
 .ARM.attributes
                0x0000004c       0x2e CMakeFiles/Cyclone_V2.elf.dir/Core/Src/gpio.c.obj
 .ARM.attributes
                0x0000007a       0x2e CMakeFiles/Cyclone_V2.elf.dir/Core/Src/main.c.obj
 .ARM.attributes
                0x000000a8       0x2e CMakeFiles/Cyclone_V2.elf.dir/Core/Src/stm32f4xx_hal_msp.c.obj
 .ARM.attributes
                0x000000d6       0x2e CMakeFiles/Cyclone_V2.elf.dir/Core/Src/stm32f4xx_it.c.obj
 .ARM.attributes
                0x00000104       0x2e CMakeFiles/Cyclone_V2.elf.dir/Core/Src/system_stm32f4xx.c.obj
 .ARM.attributes
                0x00000132       0x2e CMakeFiles/Cyclone_V2.elf.dir/Core/Src/usart.c.obj
 .ARM.attributes
                0x00000160       0x21 CMakeFiles/Cyclone_V2.elf.dir/Core/Startup/startup_stm32f411ceux.s.obj
 .ARM.attributes
                0x00000181       0x2e CMakeFiles/Cyclone_V2.elf.dir/Drivers/STM32F4xx_HAL_Driver/Src/stm32f4xx_hal.c.obj
 .ARM.attributes
                0x000001af       0x2e CMakeFiles/Cyclone_V2.elf.dir/Drivers/STM32F4xx_HAL_Driver/Src/stm32f4xx_hal_cortex.c.obj
 .ARM.attributes
                0x000001dd       0x2e CMakeFiles/Cyclone_V2.elf.dir/Drivers/STM32F4xx_HAL_Driver/Src/stm32f4xx_hal_dma.c.obj
 .ARM.attributes
                0x0000020b       0x2e CMakeFiles/Cyclone_V2.elf.dir/Drivers/STM32F4xx_HAL_Driver/Src/stm32f4xx_hal_gpio.c.obj
 .ARM.attributes
                0x00000239       0x2e CMakeFiles/Cyclone_V2.elf.dir/Drivers/STM32F4xx_HAL_Driver/Src/stm32f4xx_hal_rcc.c.obj
 .ARM.attributes
                0x00000267       0x2e CMakeFiles/Cyclone_V2.elf.dir/Drivers/STM32F4xx_HAL_Driver/Src/stm32f4xx_hal_uart.c.obj
 .ARM.attributes
                0x00000295       0x1e C:/stm32_enviroment/arm-gnu-toolchain-13.3.rel1-mingw-w64-i686-arm-none-eabi/bin/../lib/gcc/arm-none-eabi/13.3.1/thumb/v7e-m/nofp\libgcc.a(_aeabi_uldivmod.o)
 .ARM.attributes
                0x000002b3       0x2e C:/stm32_enviroment/arm-gnu-toolchain-13.3.rel1-mingw-w64-i686-arm-none-eabi/bin/../lib/gcc/arm-none-eabi/13.3.1/thumb/v7e-m/nofp\libgcc.a(_udivmoddi4.o)
 .ARM.attributes
                0x000002e1       0x1e C:/stm32_enviroment/arm-gnu-toolchain-13.3.rel1-mingw-w64-i686-arm-none-eabi/bin/../lib/gcc/arm-none-eabi/13.3.1/thumb/v7e-m/nofp\libgcc.a(_dvmd_tls.o)
 .ARM.attributes
                0x000002ff       0x2e C:/stm32_enviroment/arm-gnu-toolchain-13.3.rel1-mingw-w64-i686-arm-none-eabi/bin/../lib/gcc/arm-none-eabi/13.3.1/thumb/v7e-m/nofp\libg.a(libc_a-memset.o)
 .ARM.attributes
                0x0000032d       0x2e C:/stm32_enviroment/arm-gnu-toolchain-13.3.rel1-mingw-w64-i686-arm-none-eabi/bin/../lib/gcc/arm-none-eabi/13.3.1/thumb/v7e-m/nofp\libg.a(libc_a-init.o)
 .ARM.attributes
                0x0000035b       0x2e C:/stm32_enviroment/arm-gnu-toolchain-13.3.rel1-mingw-w64-i686-arm-none-eabi/bin/../lib/gcc/arm-none-eabi/13.3.1/thumb/v7e-m/nofp\libg.a(libc_a-lock.o)
 .ARM.attributes
                0x00000389       0x2e C:/stm32_enviroment/arm-gnu-toolchain-13.3.rel1-mingw-w64-i686-arm-none-eabi/bin/../lib/gcc/arm-none-eabi/13.3.1/thumb/v7e-m/nofp\libg.a(libc_a-__call_atexit.o)
 .ARM.attributes
                0x000003b7       0x2e C:/stm32_enviroment/arm-gnu-toolchain-13.3.rel1-mingw-w64-i686-arm-none-eabi/bin/../lib/gcc/arm-none-eabi/13.3.1/thumb/v7e-m/nofp\libg.a(libc_a-atexit.o)
 .ARM.attributes
                0x000003e5       0x2e C:/stm32_enviroment/arm-gnu-toolchain-13.3.rel1-mingw-w64-i686-arm-none-eabi/bin/../lib/gcc/arm-none-eabi/13.3.1/thumb/v7e-m/nofp\libg.a(libc_a-fini.o)
 .ARM.attributes
                0x00000413       0x2e C:/stm32_enviroment/arm-gnu-toolchain-13.3.rel1-mingw-w64-i686-arm-none-eabi/bin/../lib/gcc/arm-none-eabi/13.3.1/thumb/v7e-m/nofp\libg.a(libc_a-__atexit.o)
 .ARM.attributes
                0x00000441       0x2e C:/stm32_enviroment/arm-gnu-toolchain-13.3.rel1-mingw-w64-i686-arm-none-eabi/bin/../lib/gcc/arm-none-eabi/13.3.1/thumb/v7e-m/nofp/crtend.o
 .ARM.attributes
                0x0000046f       0x1e C:/stm32_enviroment/arm-gnu-toolchain-13.3.rel1-mingw-w64-i686-arm-none-eabi/bin/../lib/gcc/arm-none-eabi/13.3.1/thumb/v7e-m/nofp/crtn.o
OUTPUT(Cyclone_V2.elf elf32-littlearm)
LOAD linker stubs
LOAD C:/stm32_enviroment/arm-gnu-toolchain-13.3.rel1-mingw-w64-i686-arm-none-eabi/bin/../lib/gcc/arm-none-eabi/13.3.1/thumb/v7e-m/nofp\libc.a
LOAD C:/stm32_enviroment/arm-gnu-toolchain-13.3.rel1-mingw-w64-i686-arm-none-eabi/bin/../lib/gcc/arm-none-eabi/13.3.1/thumb/v7e-m/nofp\libm.a
LOAD C:/stm32_enviroment/arm-gnu-toolchain-13.3.rel1-mingw-w64-i686-arm-none-eabi/bin/../lib/gcc/arm-none-eabi/13.3.1/thumb/v7e-m/nofp\libgcc.a

.debug_info     0x00000000     0x95b7
 .debug_info    0x00000000      0x2a8 CMakeFiles/Cyclone_V2.elf.dir/Core/Src/gpio.c.obj
 .debug_info    0x000002a8      0x56e CMakeFiles/Cyclone_V2.elf.dir/Core/Src/main.c.obj
 .debug_info    0x00000816      0x28d CMakeFiles/Cyclone_V2.elf.dir/Core/Src/stm32f4xx_hal_msp.c.obj
 .debug_info    0x00000aa3      0x658 CMakeFiles/Cyclone_V2.elf.dir/Core/Src/stm32f4xx_it.c.obj
 .debug_info    0x000010fb      0x35c CMakeFiles/Cyclone_V2.elf.dir/Core/Src/system_stm32f4xx.c.obj
 .debug_info    0x00001457      0xbd3 CMakeFiles/Cyclone_V2.elf.dir/Core/Src/usart.c.obj
 .debug_info    0x0000202a       0x30 CMakeFiles/Cyclone_V2.elf.dir/Core/Startup/startup_stm32f411ceux.s.obj
 .debug_info    0x0000205a      0x962 CMakeFiles/Cyclone_V2.elf.dir/Drivers/STM32F4xx_HAL_Driver/Src/stm32f4xx_hal.c.obj
 .debug_info    0x000029bc      0xf32 CMakeFiles/Cyclone_V2.elf.dir/Drivers/STM32F4xx_HAL_Driver/Src/stm32f4xx_hal_cortex.c.obj
 .debug_info    0x000038ee      0xad8 CMakeFiles/Cyclone_V2.elf.dir/Drivers/STM32F4xx_HAL_Driver/Src/stm32f4xx_hal_dma.c.obj
 .debug_info    0x000043c6      0x73a CMakeFiles/Cyclone_V2.elf.dir/Drivers/STM32F4xx_HAL_Driver/Src/stm32f4xx_hal_gpio.c.obj
 .debug_info    0x00004b00      0xab0 CMakeFiles/Cyclone_V2.elf.dir/Drivers/STM32F4xx_HAL_Driver/Src/stm32f4xx_hal_rcc.c.obj
 .debug_info    0x000055b0     0x4007 CMakeFiles/Cyclone_V2.elf.dir/Drivers/STM32F4xx_HAL_Driver/Src/stm32f4xx_hal_uart.c.obj

.debug_abbrev   0x00000000     0x192a
 .debug_abbrev  0x00000000       0xd6 CMakeFiles/Cyclone_V2.elf.dir/Core/Src/gpio.c.obj
 .debug_abbrev  0x000000d6      0x1e8 CMakeFiles/Cyclone_V2.elf.dir/Core/Src/main.c.obj
 .debug_abbrev  0x000002be       0xd6 CMakeFiles/Cyclone_V2.elf.dir/Core/Src/stm32f4xx_hal_msp.c.obj
 .debug_abbrev  0x00000394      0x18b CMakeFiles/Cyclone_V2.elf.dir/Core/Src/stm32f4xx_it.c.obj
 .debug_abbrev  0x0000051f      0x120 CMakeFiles/Cyclone_V2.elf.dir/Core/Src/system_stm32f4xx.c.obj
 .debug_abbrev  0x0000063f      0x235 CMakeFiles/Cyclone_V2.elf.dir/Core/Src/usart.c.obj
 .debug_abbrev  0x00000874       0x24 CMakeFiles/Cyclone_V2.elf.dir/Core/Startup/startup_stm32f411ceux.s.obj
 .debug_abbrev  0x00000898      0x277 CMakeFiles/Cyclone_V2.elf.dir/Drivers/STM32F4xx_HAL_Driver/Src/stm32f4xx_hal.c.obj
 .debug_abbrev  0x00000b0f      0x39c CMakeFiles/Cyclone_V2.elf.dir/Drivers/STM32F4xx_HAL_Driver/Src/stm32f4xx_hal_cortex.c.obj
 .debug_abbrev  0x00000eab      0x27d CMakeFiles/Cyclone_V2.elf.dir/Drivers/STM32F4xx_HAL_Driver/Src/stm32f4xx_hal_dma.c.obj
 .debug_abbrev  0x00001128      0x201 CMakeFiles/Cyclone_V2.elf.dir/Drivers/STM32F4xx_HAL_Driver/Src/stm32f4xx_hal_gpio.c.obj
 .debug_abbrev  0x00001329      0x2c5 CMakeFiles/Cyclone_V2.elf.dir/Drivers/STM32F4xx_HAL_Driver/Src/stm32f4xx_hal_rcc.c.obj
 .debug_abbrev  0x000015ee      0x33c CMakeFiles/Cyclone_V2.elf.dir/Drivers/STM32F4xx_HAL_Driver/Src/stm32f4xx_hal_uart.c.obj

.debug_aranges  0x00000000      0x6a8
 .debug_aranges
                0x00000000       0x20 CMakeFiles/Cyclone_V2.elf.dir/Core/Src/gpio.c.obj
 .debug_aranges
                0x00000020       0x30 CMakeFiles/Cyclone_V2.elf.dir/Core/Src/main.c.obj
 .debug_aranges
                0x00000050       0x20 CMakeFiles/Cyclone_V2.elf.dir/Core/Src/stm32f4xx_hal_msp.c.obj
 .debug_aranges
                0x00000070       0x68 CMakeFiles/Cyclone_V2.elf.dir/Core/Src/stm32f4xx_it.c.obj
 .debug_aranges
                0x000000d8       0x28 CMakeFiles/Cyclone_V2.elf.dir/Core/Src/system_stm32f4xx.c.obj
 .debug_aranges
                0x00000100       0x30 CMakeFiles/Cyclone_V2.elf.dir/Core/Src/usart.c.obj
 .debug_aranges
                0x00000130       0x28 CMakeFiles/Cyclone_V2.elf.dir/Core/Startup/startup_stm32f411ceux.s.obj
 .debug_aranges
                0x00000158       0xf0 CMakeFiles/Cyclone_V2.elf.dir/Drivers/STM32F4xx_HAL_Driver/Src/stm32f4xx_hal.c.obj
 .debug_aranges
                0x00000248       0xe8 CMakeFiles/Cyclone_V2.elf.dir/Drivers/STM32F4xx_HAL_Driver/Src/stm32f4xx_hal_cortex.c.obj
 .debug_aranges
                0x00000330       0x90 CMakeFiles/Cyclone_V2.elf.dir/Drivers/STM32F4xx_HAL_Driver/Src/stm32f4xx_hal_dma.c.obj
 .debug_aranges
                0x000003c0       0x58 CMakeFiles/Cyclone_V2.elf.dir/Drivers/STM32F4xx_HAL_Driver/Src/stm32f4xx_hal_gpio.c.obj
 .debug_aranges
                0x00000418       0x88 CMakeFiles/Cyclone_V2.elf.dir/Drivers/STM32F4xx_HAL_Driver/Src/stm32f4xx_hal_rcc.c.obj
 .debug_aranges
                0x000004a0      0x208 CMakeFiles/Cyclone_V2.elf.dir/Drivers/STM32F4xx_HAL_Driver/Src/stm32f4xx_hal_uart.c.obj

.debug_rnglists
                0x00000000      0x4fb
 .debug_rnglists
                0x00000000       0x13 CMakeFiles/Cyclone_V2.elf.dir/Core/Src/gpio.c.obj
 .debug_rnglists
                0x00000013       0x20 CMakeFiles/Cyclone_V2.elf.dir/Core/Src/main.c.obj
 .debug_rnglists
                0x00000033       0x13 CMakeFiles/Cyclone_V2.elf.dir/Core/Src/stm32f4xx_hal_msp.c.obj
 .debug_rnglists
                0x00000046       0x49 CMakeFiles/Cyclone_V2.elf.dir/Core/Src/stm32f4xx_it.c.obj
 .debug_rnglists
                0x0000008f       0x1a CMakeFiles/Cyclone_V2.elf.dir/Core/Src/system_stm32f4xx.c.obj
 .debug_rnglists
                0x000000a9       0x20 CMakeFiles/Cyclone_V2.elf.dir/Core/Src/usart.c.obj
 .debug_rnglists
                0x000000c9       0x19 CMakeFiles/Cyclone_V2.elf.dir/Core/Startup/startup_stm32f411ceux.s.obj
 .debug_rnglists
                0x000000e2       0xaf CMakeFiles/Cyclone_V2.elf.dir/Drivers/STM32F4xx_HAL_Driver/Src/stm32f4xx_hal.c.obj
 .debug_rnglists
                0x00000191       0xa9 CMakeFiles/Cyclone_V2.elf.dir/Drivers/STM32F4xx_HAL_Driver/Src/stm32f4xx_hal_cortex.c.obj
 .debug_rnglists
                0x0000023a       0x6c CMakeFiles/Cyclone_V2.elf.dir/Drivers/STM32F4xx_HAL_Driver/Src/stm32f4xx_hal_dma.c.obj
 .debug_rnglists
                0x000002a6       0x3f CMakeFiles/Cyclone_V2.elf.dir/Drivers/STM32F4xx_HAL_Driver/Src/stm32f4xx_hal_gpio.c.obj
 .debug_rnglists
                0x000002e5       0x75 CMakeFiles/Cyclone_V2.elf.dir/Drivers/STM32F4xx_HAL_Driver/Src/stm32f4xx_hal_rcc.c.obj
 .debug_rnglists
                0x0000035a      0x1a1 CMakeFiles/Cyclone_V2.elf.dir/Drivers/STM32F4xx_HAL_Driver/Src/stm32f4xx_hal_uart.c.obj

.debug_line     0x00000000     0x7719
 .debug_line    0x00000000      0x1bd CMakeFiles/Cyclone_V2.elf.dir/Core/Src/gpio.c.obj
 .debug_line    0x000001bd      0x3c2 CMakeFiles/Cyclone_V2.elf.dir/Core/Src/main.c.obj
 .debug_line    0x0000057f      0x1c4 CMakeFiles/Cyclone_V2.elf.dir/Core/Src/stm32f4xx_hal_msp.c.obj
 .debug_line    0x00000743      0x31b CMakeFiles/Cyclone_V2.elf.dir/Core/Src/stm32f4xx_it.c.obj
 .debug_line    0x00000a5e      0x28c CMakeFiles/Cyclone_V2.elf.dir/Core/Src/system_stm32f4xx.c.obj
 .debug_line    0x00000cea      0x38a CMakeFiles/Cyclone_V2.elf.dir/Core/Src/usart.c.obj
 .debug_line    0x00001074       0x7a CMakeFiles/Cyclone_V2.elf.dir/Core/Startup/startup_stm32f411ceux.s.obj
 .debug_line    0x000010ee      0x60b CMakeFiles/Cyclone_V2.elf.dir/Drivers/STM32F4xx_HAL_Driver/Src/stm32f4xx_hal.c.obj
 .debug_line    0x000016f9      0x8b3 CMakeFiles/Cyclone_V2.elf.dir/Drivers/STM32F4xx_HAL_Driver/Src/stm32f4xx_hal_cortex.c.obj
 .debug_line    0x00001fac      0xebc CMakeFiles/Cyclone_V2.elf.dir/Drivers/STM32F4xx_HAL_Driver/Src/stm32f4xx_hal_dma.c.obj
 .debug_line    0x00002e68      0x742 CMakeFiles/Cyclone_V2.elf.dir/Drivers/STM32F4xx_HAL_Driver/Src/stm32f4xx_hal_gpio.c.obj
 .debug_line    0x000035aa      0xc0e CMakeFiles/Cyclone_V2.elf.dir/Drivers/STM32F4xx_HAL_Driver/Src/stm32f4xx_hal_rcc.c.obj
 .debug_line    0x000041b8     0x3561 CMakeFiles/Cyclone_V2.elf.dir/Drivers/STM32F4xx_HAL_Driver/Src/stm32f4xx_hal_uart.c.obj

.debug_str      0x00000000     0x244b
 .debug_str     0x00000000     0x244b CMakeFiles/Cyclone_V2.elf.dir/Core/Src/gpio.c.obj
                                0x2d9 (size before relaxing)
 .debug_str     0x0000244b      0x4cc CMakeFiles/Cyclone_V2.elf.dir/Core/Src/main.c.obj
 .debug_str     0x0000244b      0x2e5 CMakeFiles/Cyclone_V2.elf.dir/Core/Src/stm32f4xx_hal_msp.c.obj
 .debug_str     0x0000244b      0x6f7 CMakeFiles/Cyclone_V2.elf.dir/Core/Src/stm32f4xx_it.c.obj
 .debug_str     0x0000244b      0x34b CMakeFiles/Cyclone_V2.elf.dir/Core/Src/system_stm32f4xx.c.obj
 .debug_str     0x0000244b      0xc3c CMakeFiles/Cyclone_V2.elf.dir/Core/Src/usart.c.obj
 .debug_str     0x0000244b       0x89 CMakeFiles/Cyclone_V2.elf.dir/Core/Startup/startup_stm32f411ceux.s.obj
 .debug_str     0x0000244b      0xa36 CMakeFiles/Cyclone_V2.elf.dir/Drivers/STM32F4xx_HAL_Driver/Src/stm32f4xx_hal.c.obj
 .debug_str     0x0000244b      0xb03 CMakeFiles/Cyclone_V2.elf.dir/Drivers/STM32F4xx_HAL_Driver/Src/stm32f4xx_hal_cortex.c.obj
 .debug_str     0x0000244b      0x78e CMakeFiles/Cyclone_V2.elf.dir/Drivers/STM32F4xx_HAL_Driver/Src/stm32f4xx_hal_dma.c.obj
 .debug_str     0x0000244b      0x50a CMakeFiles/Cyclone_V2.elf.dir/Drivers/STM32F4xx_HAL_Driver/Src/stm32f4xx_hal_gpio.c.obj
 .debug_str     0x0000244b      0x730 CMakeFiles/Cyclone_V2.elf.dir/Drivers/STM32F4xx_HAL_Driver/Src/stm32f4xx_hal_rcc.c.obj
 .debug_str     0x0000244b      0xdb3 CMakeFiles/Cyclone_V2.elf.dir/Drivers/STM32F4xx_HAL_Driver/Src/stm32f4xx_hal_uart.c.obj

.comment        0x00000000       0x45
 .comment       0x00000000       0x45 CMakeFiles/Cyclone_V2.elf.dir/Core/Src/gpio.c.obj
                                 0x46 (size before relaxing)
 .comment       0x00000045       0x46 CMakeFiles/Cyclone_V2.elf.dir/Core/Src/main.c.obj
 .comment       0x00000045       0x46 CMakeFiles/Cyclone_V2.elf.dir/Core/Src/stm32f4xx_hal_msp.c.obj
 .comment       0x00000045       0x46 CMakeFiles/Cyclone_V2.elf.dir/Core/Src/stm32f4xx_it.c.obj
 .comment       0x00000045       0x46 CMakeFiles/Cyclone_V2.elf.dir/Core/Src/system_stm32f4xx.c.obj
 .comment       0x00000045       0x46 CMakeFiles/Cyclone_V2.elf.dir/Core/Src/usart.c.obj
 .comment       0x00000045       0x46 CMakeFiles/Cyclone_V2.elf.dir/Drivers/STM32F4xx_HAL_Driver/Src/stm32f4xx_hal.c.obj
 .comment       0x00000045       0x46 CMakeFiles/Cyclone_V2.elf.dir/Drivers/STM32F4xx_HAL_Driver/Src/stm32f4xx_hal_cortex.c.obj
 .comment       0x00000045       0x46 CMakeFiles/Cyclone_V2.elf.dir/Drivers/STM32F4xx_HAL_Driver/Src/stm32f4xx_hal_dma.c.obj
 .comment       0x00000045       0x46 CMakeFiles/Cyclone_V2.elf.dir/Drivers/STM32F4xx_HAL_Driver/Src/stm32f4xx_hal_gpio.c.obj
 .comment       0x00000045       0x46 CMakeFiles/Cyclone_V2.elf.dir/Drivers/STM32F4xx_HAL_Driver/Src/stm32f4xx_hal_rcc.c.obj
 .comment       0x00000045       0x46 CMakeFiles/Cyclone_V2.elf.dir/Drivers/STM32F4xx_HAL_Driver/Src/stm32f4xx_hal_uart.c.obj

.debug_frame    0x00000000     0x11c8
 .debug_frame   0x00000000       0x28 CMakeFiles/Cyclone_V2.elf.dir/Core/Src/gpio.c.obj
 .debug_frame   0x00000028       0x58 CMakeFiles/Cyclone_V2.elf.dir/Core/Src/main.c.obj
 .debug_frame   0x00000080       0x28 CMakeFiles/Cyclone_V2.elf.dir/Core/Src/stm32f4xx_hal_msp.c.obj
 .debug_frame   0x000000a8       0xc0 CMakeFiles/Cyclone_V2.elf.dir/Core/Src/stm32f4xx_it.c.obj
 .debug_frame   0x00000168       0x30 CMakeFiles/Cyclone_V2.elf.dir/Core/Src/system_stm32f4xx.c.obj
 .debug_frame   0x00000198       0x60 CMakeFiles/Cyclone_V2.elf.dir/Core/Src/usart.c.obj
 .debug_frame   0x000001f8      0x1ec CMakeFiles/Cyclone_V2.elf.dir/Drivers/STM32F4xx_HAL_Driver/Src/stm32f4xx_hal.c.obj
 .debug_frame   0x000003e4      0x1f4 CMakeFiles/Cyclone_V2.elf.dir/Drivers/STM32F4xx_HAL_Driver/Src/stm32f4xx_hal_cortex.c.obj
 .debug_frame   0x000005d8      0x188 CMakeFiles/Cyclone_V2.elf.dir/Drivers/STM32F4xx_HAL_Driver/Src/stm32f4xx_hal_dma.c.obj
 .debug_frame   0x00000760       0xd4 CMakeFiles/Cyclone_V2.elf.dir/Drivers/STM32F4xx_HAL_Driver/Src/stm32f4xx_hal_gpio.c.obj
 .debug_frame   0x00000834      0x16c CMakeFiles/Cyclone_V2.elf.dir/Drivers/STM32F4xx_HAL_Driver/Src/stm32f4xx_hal_rcc.c.obj
 .debug_frame   0x000009a0      0x5dc CMakeFiles/Cyclone_V2.elf.dir/Drivers/STM32F4xx_HAL_Driver/Src/stm32f4xx_hal_uart.c.obj
 .debug_frame   0x00000f7c       0x2c C:/stm32_enviroment/arm-gnu-toolchain-13.3.rel1-mingw-w64-i686-arm-none-eabi/bin/../lib/gcc/arm-none-eabi/13.3.1/thumb/v7e-m/nofp\libgcc.a(_aeabi_uldivmod.o)
 .debug_frame   0x00000fa8       0x34 C:/stm32_enviroment/arm-gnu-toolchain-13.3.rel1-mingw-w64-i686-arm-none-eabi/bin/../lib/gcc/arm-none-eabi/13.3.1/thumb/v7e-m/nofp\libgcc.a(_udivmoddi4.o)
 .debug_frame   0x00000fdc       0x2c C:/stm32_enviroment/arm-gnu-toolchain-13.3.rel1-mingw-w64-i686-arm-none-eabi/bin/../lib/gcc/arm-none-eabi/13.3.1/thumb/v7e-m/nofp\libg.a(libc_a-memset.o)
 .debug_frame   0x00001008       0x2c C:/stm32_enviroment/arm-gnu-toolchain-13.3.rel1-mingw-w64-i686-arm-none-eabi/bin/../lib/gcc/arm-none-eabi/13.3.1/thumb/v7e-m/nofp\libg.a(libc_a-init.o)
 .debug_frame   0x00001034       0xb0 C:/stm32_enviroment/arm-gnu-toolchain-13.3.rel1-mingw-w64-i686-arm-none-eabi/bin/../lib/gcc/arm-none-eabi/13.3.1/thumb/v7e-m/nofp\libg.a(libc_a-lock.o)
 .debug_frame   0x000010e4       0x5c C:/stm32_enviroment/arm-gnu-toolchain-13.3.rel1-mingw-w64-i686-arm-none-eabi/bin/../lib/gcc/arm-none-eabi/13.3.1/thumb/v7e-m/nofp\libg.a(libc_a-__call_atexit.o)
 .debug_frame   0x00001140       0x20 C:/stm32_enviroment/arm-gnu-toolchain-13.3.rel1-mingw-w64-i686-arm-none-eabi/bin/../lib/gcc/arm-none-eabi/13.3.1/thumb/v7e-m/nofp\libg.a(libc_a-atexit.o)
 .debug_frame   0x00001160       0x34 C:/stm32_enviroment/arm-gnu-toolchain-13.3.rel1-mingw-w64-i686-arm-none-eabi/bin/../lib/gcc/arm-none-eabi/13.3.1/thumb/v7e-m/nofp\libg.a(libc_a-fini.o)
 .debug_frame   0x00001194       0x34 C:/stm32_enviroment/arm-gnu-toolchain-13.3.rel1-mingw-w64-i686-arm-none-eabi/bin/../lib/gcc/arm-none-eabi/13.3.1/thumb/v7e-m/nofp\libg.a(libc_a-__atexit.o)

.debug_loclists
                0x00000000     0x441b
 .debug_loclists
                0x00000000       0xfa CMakeFiles/Cyclone_V2.elf.dir/Core/Src/system_stm32f4xx.c.obj
 .debug_loclists
                0x000000fa       0x75 CMakeFiles/Cyclone_V2.elf.dir/Core/Src/usart.c.obj
 .debug_loclists
                0x0000016f       0xe1 CMakeFiles/Cyclone_V2.elf.dir/Drivers/STM32F4xx_HAL_Driver/Src/stm32f4xx_hal.c.obj
 .debug_loclists
                0x00000250      0x54d CMakeFiles/Cyclone_V2.elf.dir/Drivers/STM32F4xx_HAL_Driver/Src/stm32f4xx_hal_cortex.c.obj
 .debug_loclists
                0x0000079d      0x88a CMakeFiles/Cyclone_V2.elf.dir/Drivers/STM32F4xx_HAL_Driver/Src/stm32f4xx_hal_dma.c.obj
 .debug_loclists
                0x00001027      0x386 CMakeFiles/Cyclone_V2.elf.dir/Drivers/STM32F4xx_HAL_Driver/Src/stm32f4xx_hal_gpio.c.obj
 .debug_loclists
                0x000013ad      0x3e5 CMakeFiles/Cyclone_V2.elf.dir/Drivers/STM32F4xx_HAL_Driver/Src/stm32f4xx_hal_rcc.c.obj
 .debug_loclists
                0x00001792     0x2c89 CMakeFiles/Cyclone_V2.elf.dir/Drivers/STM32F4xx_HAL_Driver/Src/stm32f4xx_hal_uart.c.obj

.debug_line_str
                0x00000000      0x13f
 .debug_line_str
                0x00000000      0x13f CMakeFiles/Cyclone_V2.elf.dir/Core/Startup/startup_stm32f411ceux.s.obj
                                 0x6d (size before relaxing)
 .debug_line_str
                0x0000013f       0xc6 C:/stm32_enviroment/arm-gnu-toolchain-13.3.rel1-mingw-w64-i686-arm-none-eabi/bin/../lib/gcc/arm-none-eabi/13.3.1/thumb/v7e-m/nofp\libgcc.a(_aeabi_uldivmod.o)
 .debug_line_str
                0x0000013f       0xca C:/stm32_enviroment/arm-gnu-toolchain-13.3.rel1-mingw-w64-i686-arm-none-eabi/bin/../lib/gcc/arm-none-eabi/13.3.1/thumb/v7e-m/nofp\libgcc.a(_dvmd_tls.o)
